******************************************************************************
                  MSP430 Linker PC v21.6.0                     
******************************************************************************
>> Linked Sat Dec 24 21:34:55 2022

OUTPUT FILE NAME:   <MPU6050_Sensor_Node.out>
ENTRY POINT SYMBOL: "_c_int00_noargs"  address: 0000d356


MEMORY CONFIGURATION

         name            origin    length      used     unused   attr    fill
----------------------  --------  ---------  --------  --------  ----  --------
  SFR                   00000000   00000010  00000000  00000010  RWIX
  PERIPHERALS_8BIT      00000010   000000f0  00000000  000000f0  RWIX
  PERIPHERALS_16BIT     00000100   00000100  00000000  00000100  RWIX
  RAM                   00000200   00000200  00000061  0000019f  RWIX
  INFOD                 00001000   00000040  00000000  00000040  RWIX
  INFOC                 00001040   00000040  00000000  00000040  RWIX
  INFOB                 00001080   00000040  00000000  00000040  RWIX
  INFOA                 000010c0   00000040  00000000  00000040  RWIX
  FLASH                 0000c000   00003fde  000014c8  00002b16  RWIX
  BSLSIGNATURE          0000ffde   00000002  00000002  00000000  RWIX  ffff 
  INT00                 0000ffe0   00000002  00000002  00000000  RWIX
  INT01                 0000ffe2   00000002  00000000  00000002  RWIX
  INT02                 0000ffe4   00000002  00000002  00000000  RWIX
  INT03                 0000ffe6   00000002  00000002  00000000  RWIX
  INT04                 0000ffe8   00000002  00000000  00000002  RWIX
  INT05                 0000ffea   00000002  00000002  00000000  RWIX
  INT06                 0000ffec   00000002  00000002  00000000  RWIX
  INT07                 0000ffee   00000002  00000002  00000000  RWIX
  INT08                 0000fff0   00000002  00000002  00000000  RWIX
  INT09                 0000fff2   00000002  00000002  00000000  RWIX
  INT10                 0000fff4   00000002  00000002  00000000  RWIX
  INT11                 0000fff6   00000002  00000002  00000000  RWIX
  INT12                 0000fff8   00000002  00000002  00000000  RWIX
  INT13                 0000fffa   00000002  00000002  00000000  RWIX
  INT14                 0000fffc   00000002  00000002  00000000  RWIX
  RESET                 0000fffe   00000002  00000002  00000000  RWIX


SECTION ALLOCATION MAP

 output                                  attributes/
section   page    origin      length       input sections
--------  ----  ----------  ----------   ----------------
.bss       0    00000200    00000011     UNINITIALIZED
                  00000200    00000004     (.common:temp)
                  00000204    00000004     (.common:temp_C)
                  00000208    00000002     (.common:user)
                  0000020a    00000001     (.common:rf_addr_width)
                  0000020b    00000001     (.common:rf_channel)
                  0000020c    00000001     (.common:rf_crc)
                  0000020d    00000001     (.common:rf_feature)
                  0000020e    00000001     (.common:rf_irq)
                  0000020f    00000001     (.common:rf_speed_power)
                  00000210    00000001     (.common:rf_status)

.stack     0    000003b0    00000050     UNINITIALIZED
                  000003b0    00000002     rts430_eabi.lib : boot.c.obj (.stack)
                  000003b2    0000004e     --HOLE--

.text      0    0000c000    000014be     
                  0000c000    00000736     rts430_eabi.lib : addd.c.obj (.text:__mspabi_addd)
                  0000c736    0000016a     main.obj (.text:main)
                  0000c8a0    000000b4     rts430_eabi.lib : cvtdf.c.obj (.text:__mspabi_cvtdf)
                  0000c954    000000ac                     : fltlid.c.obj (.text:__mspabi_fltlid)
                  0000ca00    00000094     msprf24.obj (.text:msprf24_init)
                  0000ca94    00000084     MPU6050.obj (.text:mpu_init)
                  0000cb18    00000080     I2C.obj (.text:i2c_read_addr8_data8)
                  0000cb98    0000006a     msprf24.obj (.text:msprf24_set_pipe_packetsize)
                  0000cc02    00000062     msprf24.obj (.text:msprf24_set_retransmit_delay)
                  0000cc64    00000062     msprf24.obj (.text:w_tx_payload)
                  0000ccc6    0000005c     rts430_eabi.lib : lsr32.asm.obj (.text:l_lsr_const)
                  0000cd22    0000005a     msprf24.obj (.text:msprf24_current_state)
                  0000cd7c    0000005a     msprf24.obj (.text:msprf24_open_pipe)
                  0000cdd6    00000058     MPU6050.obj (.text:get_temp)
                  0000ce2e    00000058     msprf24.obj (.text:w_rx_addr)
                  0000ce86    00000052     I2C.obj (.text:i2c_write_addr8_data8)
                  0000ced8    00000050     msprf24.obj (.text:msprf24_irq_clear)
                  0000cf28    0000004c     rts430_eabi.lib : lsr16.asm.obj (.text)
                  0000cf74    0000004a                     : asr64.c.obj (.text:__mspabi_srall)
                  0000cfbe    00000044                     : lsl64.c.obj (.text:__mspabi_sllll)
                  0000d002    00000042                     : autoinit.c.obj (.text:__TI_auto_init_nobinit_nopinit:__TI_auto_init_nobinit_nopinit)
                  0000d044    0000003e                     : lsl32.asm.obj (.text:l_lsl_const)
                  0000d082    00000038     msprf24.obj (.text:w_tx_addr)
                  0000d0ba    00000036     msp430_spi.obj (.text:spi_transfer16)
                  0000d0f0    00000032     I2C.obj (.text:i2c_init)
                  0000d122    0000002e     msprf24.obj (.text:msprf24_get_irq_reason)
                  0000d150    0000002e     msprf24.obj (.text:msprf24_set_speed_power)
                  0000d17e    0000002e     msprf24.obj (.text:msprf24_standby)
                  0000d1ac    0000002c     rts430_eabi.lib : asr16.asm.obj (.text)
                  0000d1d8    0000002c                     : div16s.asm.obj (.text)
                  0000d204    0000002c                     : lsl16.asm.obj (.text)
                  0000d230    0000002a     msprf24.obj (.text:msprf24_set_config)
                  0000d25a    0000002a     msp430_spi.obj (.text:spi_init)
                  0000d284    00000026     msprf24.obj (.text:r_reg)
                  0000d2aa    00000026     msprf24.obj (.text:w_reg)
                  0000d2d0    00000024     msprf24.obj (.text:msprf24_set_address_width)
                  0000d2f4    00000022     msprf24.obj (.text:msprf24_enable_feature)
                  0000d316    00000022     msprf24.obj (.text:msprf24_set_retransmit_count)
                  0000d338    0000001e     msprf24.obj (.text:msprf24_set_channel)
                  0000d356    0000001c     rts430_eabi.lib : boot.c.obj (.text:_c_int00_noargs)
                  0000d372    0000001c     msprf24.obj (.text:msprf24_close_pipe_all)
                  0000d38e    0000001c     msprf24.obj (.text:msprf24_is_alive)
                  0000d3aa    00000018     msprf24.obj (.text:P2_IRQ)
                  0000d3c2    00000018     msprf24.obj (.text:msprf24_powerdown)
                  0000d3da    00000018     msprf24.obj (.text:pulse_ce)
                  0000d3f2    00000016     msprf24.obj (.text:flush_rx)
                  0000d408    00000016     msprf24.obj (.text:flush_tx)
                  0000d41e    00000016     msprf24.obj (.text:msprf24_activate_tx)
                  0000d434    00000016     rts430_eabi.lib : div16u.asm.obj (.text)
                  0000d44a    00000014                     : copy_zero_init.c.obj (.text:decompress:ZI:__TI_zero_init_nomemset:__TI_zero_init_nomemset)
                  0000d45e    00000012                     : memcpy.c.obj (.text:memcpy)
                  0000d470    00000010                     : epilog.asm.obj (.text)
                  0000d480    00000010     msp430_spi.obj (.text:spi_transfer)
                  0000d490    0000000e     msprf24.obj (.text:msprf24_get_last_retransmits)
                  0000d49e    0000000c     rts430_eabi.lib : fltid.c.obj (.text:__mspabi_fltid)
                  0000d4aa    00000008                     : isr_trap.asm.obj (.text:_isr:__TI_ISR_TRAP)
                  0000d4b2    00000006                     : exit.c.obj (.text:abort)
                  0000d4b8    00000004                     : pre_init.c.obj (.text:_system_pre_init)
                  0000d4bc    00000002                     : startup.c.obj (.text:_system_post_cinit)

.cinit     0    0000d4be    0000000a     
                  0000d4be    00000004     (.cinit..bss.load) [load image, compression = zero_init]
                  0000d4c2    00000002     (__TI_handler_table)
                  0000d4c4    00000004     (__TI_cinit_table)

.binit     0    0000c000    00000000     

.init_array 
*          0    0000c000    00000000     UNINITIALIZED

TRAPINT    0    0000ffe0    00000002     
                  0000ffe0    00000002     rts430_eabi.lib : int00.asm.obj (.int00)

PORT1      0    0000ffe4    00000002     
                  0000ffe4    00000002     rts430_eabi.lib : int02.asm.obj (.int02)

PORT2      0    0000ffe6    00000002     
                  0000ffe6    00000002     msprf24.obj (.int03)

ADC10      0    0000ffea    00000002     
                  0000ffea    00000002     rts430_eabi.lib : int05.asm.obj (.int05)

USCIAB0TX 
*          0    0000ffec    00000002     
                  0000ffec    00000002     rts430_eabi.lib : int06.asm.obj (.int06)

USCIAB0RX 
*          0    0000ffee    00000002     
                  0000ffee    00000002     rts430_eabi.lib : int07.asm.obj (.int07)

TIMER0_A1 
*          0    0000fff0    00000002     
                  0000fff0    00000002     rts430_eabi.lib : int08.asm.obj (.int08)

TIMER0_A0 
*          0    0000fff2    00000002     
                  0000fff2    00000002     rts430_eabi.lib : int09.asm.obj (.int09)

WDT        0    0000fff4    00000002     
                  0000fff4    00000002     rts430_eabi.lib : int10.asm.obj (.int10)

COMPARATORA 
*          0    0000fff6    00000002     
                  0000fff6    00000002     rts430_eabi.lib : int11.asm.obj (.int11)

TIMER1_A1 
*          0    0000fff8    00000002     
                  0000fff8    00000002     rts430_eabi.lib : int12.asm.obj (.int12)

TIMER1_A0 
*          0    0000fffa    00000002     
                  0000fffa    00000002     rts430_eabi.lib : int13.asm.obj (.int13)

NMI        0    0000fffc    00000002     
                  0000fffc    00000002     rts430_eabi.lib : int14.asm.obj (.int14)

.reset     0    0000fffe    00000002     
                  0000fffe    00000002     rts430_eabi.lib : boot.c.obj (.reset)

$fill000   0    0000ffde    00000002     
                  0000ffde    00000002     --HOLE-- [fill = ffff]

MODULE SUMMARY

       Module                 code   ro data   rw data
       ------                 ----   -------   -------
    .\
       msprf24.obj            1452   2         7      
       main.obj               362    0         10     
       I2C.obj                260    0         0      
       MPU6050.obj            220    0         0      
       msp430_spi.obj         112    0         0      
    +--+----------------------+------+---------+---------+
       Total:                 2406   2         17     
                                                      
    D:\ti\ccs1210\ccs\tools\compiler\ti-cgt-msp430_21.6.0.LTS\lib\rts430_eabi.lib
       addd.c.obj             1846   0         0      
       cvtdf.c.obj            180    0         0      
       fltlid.c.obj           172    0         0      
       lsr32.asm.obj          92     0         0      
       lsr16.asm.obj          76     0         0      
       asr64.c.obj            74     0         0      
       lsl64.c.obj            68     0         0      
       autoinit.c.obj         66     0         0      
       lsl32.asm.obj          62     0         0      
       asr16.asm.obj          44     0         0      
       div16s.asm.obj         44     0         0      
       lsl16.asm.obj          44     0         0      
       boot.c.obj             28     2         0      
       div16u.asm.obj         22     0         0      
       copy_zero_init.c.obj   20     0         0      
       memcpy.c.obj           18     0         0      
       epilog.asm.obj         16     0         0      
       fltid.c.obj            12     0         0      
       isr_trap.asm.obj       8      0         0      
       exit.c.obj             6      0         0      
       pre_init.c.obj         4      0         0      
       int00.asm.obj          0      2         0      
       int02.asm.obj          0      2         0      
       int05.asm.obj          0      2         0      
       int06.asm.obj          0      2         0      
       int07.asm.obj          0      2         0      
       int08.asm.obj          0      2         0      
       int09.asm.obj          0      2         0      
       int10.asm.obj          0      2         0      
       int11.asm.obj          0      2         0      
       int12.asm.obj          0      2         0      
       int13.asm.obj          0      2         0      
       int14.asm.obj          0      2         0      
       startup.c.obj          2      0         0      
    +--+----------------------+------+---------+---------+
       Total:                 2904   26        0      
                                                      
       Stack:                 0      0         80     
       Linker Generated:      0      10        0      
    +--+----------------------+------+---------+---------+
       Grand Total:           5310   38        97     


LINKER GENERATED COPY TABLES

__TI_cinit_table @ 0000d4c4 records: 1, size/record: 4, table size: 4
	.bss: load addr=0000d4be, load size=00000004 bytes, run addr=00000200, run size=00000011 bytes, compression=zero_init


LINKER GENERATED HANDLER TABLE

__TI_handler_table @ 0000d4c2 records: 1, size/record: 2, table size: 2
	index: 0, handler: __TI_zero_init


GLOBAL SYMBOLS: SORTED ALPHABETICALLY BY Name 

address   name                          
-------   ----                          
0000004a  ADC10AE0                      
000001b0  ADC10CTL0                     
000001b2  ADC10CTL1                     
00000048  ADC10DTC0                     
00000049  ADC10DTC1                     
000001b4  ADC10MEM                      
000001bc  ADC10SA                       
00000057  BCSCTL1                       
00000058  BCSCTL2                       
00000053  BCSCTL3                       
0000d4b2  C$$EXIT                       
00000059  CACTL1                        
0000005a  CACTL2                        
000010fb  CALBC1_12MHZ                  
000010f9  CALBC1_16MHZ                  
000010ff  CALBC1_1MHZ                   
000010fd  CALBC1_8MHZ                   
000010fa  CALDCO_12MHZ                  
000010f8  CALDCO_16MHZ                  
000010fe  CALDCO_1MHZ                   
000010fc  CALDCO_8MHZ                   
0000005b  CAPD                          
00000056  DCOCTL                        
00000128  FCTL1                         
0000012a  FCTL2                         
0000012c  FCTL3                         
00000000  IE1                           
00000001  IE2                           
00000002  IFG1                          
00000003  IFG2                          
00000022  P1DIR                         
00000025  P1IE                          
00000024  P1IES                         
00000023  P1IFG                         
00000020  P1IN                          
00000021  P1OUT                         
00000027  P1REN                         
00000026  P1SEL                         
00000041  P1SEL2                        
0000002a  P2DIR                         
0000002d  P2IE                          
0000002c  P2IES                         
0000002b  P2IFG                         
00000028  P2IN                          
00000029  P2OUT                         
0000002f  P2REN                         
0000002e  P2SEL                         
00000042  P2SEL2                        
0000d3aa  P2_IRQ                        
0000001a  P3DIR                         
00000018  P3IN                          
00000019  P3OUT                         
00000010  P3REN                         
0000001b  P3SEL                         
00000043  P3SEL2                        
00000172  TA0CCR0                       
00000174  TA0CCR1                       
00000176  TA0CCR2                       
00000162  TA0CCTL0                      
00000164  TA0CCTL1                      
00000166  TA0CCTL2                      
00000160  TA0CTL                        
0000012e  TA0IV                         
00000170  TA0R                          
00000192  TA1CCR0                       
00000194  TA1CCR1                       
00000196  TA1CCR2                       
00000182  TA1CCTL0                      
00000184  TA1CCTL1                      
00000186  TA1CCTL2                      
00000180  TA1CTL                        
0000011e  TA1IV                         
00000190  TA1R                          
000010db  TLV_ADC10_1_LEN               
000010da  TLV_ADC10_1_TAG               
000010c0  TLV_CHECKSUM                  
000010f7  TLV_DCO_30_LEN                
000010f6  TLV_DCO_30_TAG                
0000005d  UCA0ABCTL                     
00000062  UCA0BR0                       
00000063  UCA0BR1                       
00000060  UCA0CTL0                      
00000061  UCA0CTL1                      
0000005f  UCA0IRRCTL                    
0000005e  UCA0IRTCTL                    
00000064  UCA0MCTL                      
00000066  UCA0RXBUF                     
00000065  UCA0STAT                      
00000067  UCA0TXBUF                     
0000006a  UCB0BR0                       
0000006b  UCB0BR1                       
00000068  UCB0CTL0                      
00000069  UCB0CTL1                      
0000006c  UCB0I2CIE                     
00000118  UCB0I2COA                     
0000011a  UCB0I2CSA                     
0000006e  UCB0RXBUF                     
0000006d  UCB0STAT                      
0000006f  UCB0TXBUF                     
00000120  WDTCTL                        
00000400  __STACK_END                   
00000050  __STACK_SIZE                  
0000d4c4  __TI_CINIT_Base               
0000d4c8  __TI_CINIT_Limit              
0000d4c8  __TI_CINIT_Warm               
0000d4c2  __TI_Handler_Table_Base       
0000d4c4  __TI_Handler_Table_Limit      
0000d4aa  __TI_ISR_TRAP                 
0000d002  __TI_auto_init_nobinit_nopinit
0000ffe0  __TI_int00                    
0000ffe4  __TI_int02                    
0000ffe6  __TI_int03                    
0000ffea  __TI_int05                    
0000ffec  __TI_int06                    
0000ffee  __TI_int07                    
0000fff0  __TI_int08                    
0000fff2  __TI_int09                    
0000fff4  __TI_int10                    
0000fff6  __TI_int11                    
0000fff8  __TI_int12                    
0000fffa  __TI_int13                    
0000fffc  __TI_int14                    
ffffffff  __TI_pprof_out_hndl           
ffffffff  __TI_prof_data_size           
ffffffff  __TI_prof_data_start          
0000d44a  __TI_zero_init_nomemset       
ffffffff  __c_args__                    
0000c000  __mspabi_addd                 
0000c8a0  __mspabi_cvtdf                
0000d1d8  __mspabi_divi                 
0000d434  __mspabi_divu                 
0000d49e  __mspabi_fltid                
0000c954  __mspabi_fltlid               
0000d47c  __mspabi_func_epilog_1        
0000d47a  __mspabi_func_epilog_2        
0000d478  __mspabi_func_epilog_3        
0000d476  __mspabi_func_epilog_4        
0000d474  __mspabi_func_epilog_5        
0000d472  __mspabi_func_epilog_6        
0000d470  __mspabi_func_epilog_7        
0000d1d8  __mspabi_remi                 
0000d434  __mspabi_remu                 
0000d204  __mspabi_slli                 
0000d22c  __mspabi_slli_1               
0000d21a  __mspabi_slli_10              
0000d218  __mspabi_slli_11              
0000d216  __mspabi_slli_12              
0000d214  __mspabi_slli_13              
0000d212  __mspabi_slli_14              
0000d210  __mspabi_slli_15              
0000d22a  __mspabi_slli_2               
0000d228  __mspabi_slli_3               
0000d226  __mspabi_slli_4               
0000d224  __mspabi_slli_5               
0000d222  __mspabi_slli_6               
0000d220  __mspabi_slli_7               
0000d21e  __mspabi_slli_8               
0000d21c  __mspabi_slli_9               
0000d07c  __mspabi_slll_1               
0000d058  __mspabi_slll_10              
0000d054  __mspabi_slll_11              
0000d050  __mspabi_slll_12              
0000d04c  __mspabi_slll_13              
0000d048  __mspabi_slll_14              
0000d044  __mspabi_slll_15              
0000d078  __mspabi_slll_2               
0000d074  __mspabi_slll_3               
0000d070  __mspabi_slll_4               
0000d06c  __mspabi_slll_5               
0000d068  __mspabi_slll_6               
0000d064  __mspabi_slll_7               
0000d060  __mspabi_slll_8               
0000d05c  __mspabi_slll_9               
0000cfbe  __mspabi_sllll                
0000d1ac  __mspabi_srai                 
0000d1d4  __mspabi_srai_1               
0000d1c2  __mspabi_srai_10              
0000d1c0  __mspabi_srai_11              
0000d1be  __mspabi_srai_12              
0000d1bc  __mspabi_srai_13              
0000d1ba  __mspabi_srai_14              
0000d1b8  __mspabi_srai_15              
0000d1d2  __mspabi_srai_2               
0000d1d0  __mspabi_srai_3               
0000d1ce  __mspabi_srai_4               
0000d1cc  __mspabi_srai_5               
0000d1ca  __mspabi_srai_6               
0000d1c8  __mspabi_srai_7               
0000d1c6  __mspabi_srai_8               
0000d1c4  __mspabi_srai_9               
0000cf74  __mspabi_srall                
0000cf28  __mspabi_srli                 
0000cf6e  __mspabi_srli_1               
0000cf4a  __mspabi_srli_10              
0000cf46  __mspabi_srli_11              
0000cf42  __mspabi_srli_12              
0000cf3e  __mspabi_srli_13              
0000cf3a  __mspabi_srli_14              
0000cf36  __mspabi_srli_15              
0000cf6a  __mspabi_srli_2               
0000cf66  __mspabi_srli_3               
0000cf62  __mspabi_srli_4               
0000cf5e  __mspabi_srli_5               
0000cf5a  __mspabi_srli_6               
0000cf56  __mspabi_srli_7               
0000cf52  __mspabi_srli_8               
0000cf4e  __mspabi_srli_9               
0000cd1a  __mspabi_srll_1               
0000cce4  __mspabi_srll_10              
0000ccde  __mspabi_srll_11              
0000ccd8  __mspabi_srll_12              
0000ccd2  __mspabi_srll_13              
0000cccc  __mspabi_srll_14              
0000ccc6  __mspabi_srll_15              
0000cd14  __mspabi_srll_2               
0000cd0e  __mspabi_srll_3               
0000cd08  __mspabi_srll_4               
0000cd02  __mspabi_srll_5               
0000ccfc  __mspabi_srll_6               
0000ccf6  __mspabi_srll_7               
0000ccf0  __mspabi_srll_8               
0000ccea  __mspabi_srll_9               
0000d356  _c_int00_noargs               
0000fffe  _reset_vector                 
000003b0  _stack                        
0000d4bc  _system_post_cinit            
0000d4b8  _system_pre_init              
0000d4b2  abort                         
0000d3f2  flush_rx                      
0000d408  flush_tx                      
0000cdd6  get_temp                      
0000d0f0  i2c_init                      
0000cb18  i2c_read_addr8_data8          
0000ce86  i2c_write_addr8_data8         
0000c736  main                          
0000d45e  memcpy                        
0000ca94  mpu_init                      
0000d41e  msprf24_activate_tx           
0000d372  msprf24_close_pipe_all        
0000cd22  msprf24_current_state         
0000d2f4  msprf24_enable_feature        
0000d122  msprf24_get_irq_reason        
0000d490  msprf24_get_last_retransmits  
0000ca00  msprf24_init                  
0000ced8  msprf24_irq_clear             
0000d38e  msprf24_is_alive              
0000cd7c  msprf24_open_pipe             
0000d3c2  msprf24_powerdown             
0000d2d0  msprf24_set_address_width     
0000d338  msprf24_set_channel           
0000d230  msprf24_set_config            
0000cb98  msprf24_set_pipe_packetsize   
0000d316  msprf24_set_retransmit_count  
0000cc02  msprf24_set_retransmit_delay  
0000d150  msprf24_set_speed_power       
0000d17e  msprf24_standby               
0000d3da  pulse_ce                      
0000d284  r_reg                         
0000020a  rf_addr_width                 
0000020b  rf_channel                    
0000020c  rf_crc                        
0000020d  rf_feature                    
0000020e  rf_irq                        
0000020f  rf_speed_power                
00000210  rf_status                     
0000d25a  spi_init                      
0000d480  spi_transfer                  
0000d0ba  spi_transfer16                
00000200  temp                          
00000204  temp_C                        
00000208  user                          
0000d2aa  w_reg                         
0000ce2e  w_rx_addr                     
0000d082  w_tx_addr                     
0000cc64  w_tx_payload                  


GLOBAL SYMBOLS: SORTED BY Symbol Address 

address   name                          
-------   ----                          
00000000  IE1                           
00000001  IE2                           
00000002  IFG1                          
00000003  IFG2                          
00000010  P3REN                         
00000018  P3IN                          
00000019  P3OUT                         
0000001a  P3DIR                         
0000001b  P3SEL                         
00000020  P1IN                          
00000021  P1OUT                         
00000022  P1DIR                         
00000023  P1IFG                         
00000024  P1IES                         
00000025  P1IE                          
00000026  P1SEL                         
00000027  P1REN                         
00000028  P2IN                          
00000029  P2OUT                         
0000002a  P2DIR                         
0000002b  P2IFG                         
0000002c  P2IES                         
0000002d  P2IE                          
0000002e  P2SEL                         
0000002f  P2REN                         
00000041  P1SEL2                        
00000042  P2SEL2                        
00000043  P3SEL2                        
00000048  ADC10DTC0                     
00000049  ADC10DTC1                     
0000004a  ADC10AE0                      
00000050  __STACK_SIZE                  
00000053  BCSCTL3                       
00000056  DCOCTL                        
00000057  BCSCTL1                       
00000058  BCSCTL2                       
00000059  CACTL1                        
0000005a  CACTL2                        
0000005b  CAPD                          
0000005d  UCA0ABCTL                     
0000005e  UCA0IRTCTL                    
0000005f  UCA0IRRCTL                    
00000060  UCA0CTL0                      
00000061  UCA0CTL1                      
00000062  UCA0BR0                       
00000063  UCA0BR1                       
00000064  UCA0MCTL                      
00000065  UCA0STAT                      
00000066  UCA0RXBUF                     
00000067  UCA0TXBUF                     
00000068  UCB0CTL0                      
00000069  UCB0CTL1                      
0000006a  UCB0BR0                       
0000006b  UCB0BR1                       
0000006c  UCB0I2CIE                     
0000006d  UCB0STAT                      
0000006e  UCB0RXBUF                     
0000006f  UCB0TXBUF                     
00000118  UCB0I2COA                     
0000011a  UCB0I2CSA                     
0000011e  TA1IV                         
00000120  WDTCTL                        
00000128  FCTL1                         
0000012a  FCTL2                         
0000012c  FCTL3                         
0000012e  TA0IV                         
00000160  TA0CTL                        
00000162  TA0CCTL0                      
00000164  TA0CCTL1                      
00000166  TA0CCTL2                      
00000170  TA0R                          
00000172  TA0CCR0                       
00000174  TA0CCR1                       
00000176  TA0CCR2                       
00000180  TA1CTL                        
00000182  TA1CCTL0                      
00000184  TA1CCTL1                      
00000186  TA1CCTL2                      
00000190  TA1R                          
00000192  TA1CCR0                       
00000194  TA1CCR1                       
00000196  TA1CCR2                       
000001b0  ADC10CTL0                     
000001b2  ADC10CTL1                     
000001b4  ADC10MEM                      
000001bc  ADC10SA                       
00000200  temp                          
00000204  temp_C                        
00000208  user                          
0000020a  rf_addr_width                 
0000020b  rf_channel                    
0000020c  rf_crc                        
0000020d  rf_feature                    
0000020e  rf_irq                        
0000020f  rf_speed_power                
00000210  rf_status                     
000003b0  _stack                        
00000400  __STACK_END                   
000010c0  TLV_CHECKSUM                  
000010da  TLV_ADC10_1_TAG               
000010db  TLV_ADC10_1_LEN               
000010f6  TLV_DCO_30_TAG                
000010f7  TLV_DCO_30_LEN                
000010f8  CALDCO_16MHZ                  
000010f9  CALBC1_16MHZ                  
000010fa  CALDCO_12MHZ                  
000010fb  CALBC1_12MHZ                  
000010fc  CALDCO_8MHZ                   
000010fd  CALBC1_8MHZ                   
000010fe  CALDCO_1MHZ                   
000010ff  CALBC1_1MHZ                   
0000c000  __mspabi_addd                 
0000c736  main                          
0000c8a0  __mspabi_cvtdf                
0000c954  __mspabi_fltlid               
0000ca00  msprf24_init                  
0000ca94  mpu_init                      
0000cb18  i2c_read_addr8_data8          
0000cb98  msprf24_set_pipe_packetsize   
0000cc02  msprf24_set_retransmit_delay  
0000cc64  w_tx_payload                  
0000ccc6  __mspabi_srll_15              
0000cccc  __mspabi_srll_14              
0000ccd2  __mspabi_srll_13              
0000ccd8  __mspabi_srll_12              
0000ccde  __mspabi_srll_11              
0000cce4  __mspabi_srll_10              
0000ccea  __mspabi_srll_9               
0000ccf0  __mspabi_srll_8               
0000ccf6  __mspabi_srll_7               
0000ccfc  __mspabi_srll_6               
0000cd02  __mspabi_srll_5               
0000cd08  __mspabi_srll_4               
0000cd0e  __mspabi_srll_3               
0000cd14  __mspabi_srll_2               
0000cd1a  __mspabi_srll_1               
0000cd22  msprf24_current_state         
0000cd7c  msprf24_open_pipe             
0000cdd6  get_temp                      
0000ce2e  w_rx_addr                     
0000ce86  i2c_write_addr8_data8         
0000ced8  msprf24_irq_clear             
0000cf28  __mspabi_srli                 
0000cf36  __mspabi_srli_15              
0000cf3a  __mspabi_srli_14              
0000cf3e  __mspabi_srli_13              
0000cf42  __mspabi_srli_12              
0000cf46  __mspabi_srli_11              
0000cf4a  __mspabi_srli_10              
0000cf4e  __mspabi_srli_9               
0000cf52  __mspabi_srli_8               
0000cf56  __mspabi_srli_7               
0000cf5a  __mspabi_srli_6               
0000cf5e  __mspabi_srli_5               
0000cf62  __mspabi_srli_4               
0000cf66  __mspabi_srli_3               
0000cf6a  __mspabi_srli_2               
0000cf6e  __mspabi_srli_1               
0000cf74  __mspabi_srall                
0000cfbe  __mspabi_sllll                
0000d002  __TI_auto_init_nobinit_nopinit
0000d044  __mspabi_slll_15              
0000d048  __mspabi_slll_14              
0000d04c  __mspabi_slll_13              
0000d050  __mspabi_slll_12              
0000d054  __mspabi_slll_11              
0000d058  __mspabi_slll_10              
0000d05c  __mspabi_slll_9               
0000d060  __mspabi_slll_8               
0000d064  __mspabi_slll_7               
0000d068  __mspabi_slll_6               
0000d06c  __mspabi_slll_5               
0000d070  __mspabi_slll_4               
0000d074  __mspabi_slll_3               
0000d078  __mspabi_slll_2               
0000d07c  __mspabi_slll_1               
0000d082  w_tx_addr                     
0000d0ba  spi_transfer16                
0000d0f0  i2c_init                      
0000d122  msprf24_get_irq_reason        
0000d150  msprf24_set_speed_power       
0000d17e  msprf24_standby               
0000d1ac  __mspabi_srai                 
0000d1b8  __mspabi_srai_15              
0000d1ba  __mspabi_srai_14              
0000d1bc  __mspabi_srai_13              
0000d1be  __mspabi_srai_12              
0000d1c0  __mspabi_srai_11              
0000d1c2  __mspabi_srai_10              
0000d1c4  __mspabi_srai_9               
0000d1c6  __mspabi_srai_8               
0000d1c8  __mspabi_srai_7               
0000d1ca  __mspabi_srai_6               
0000d1cc  __mspabi_srai_5               
0000d1ce  __mspabi_srai_4               
0000d1d0  __mspabi_srai_3               
0000d1d2  __mspabi_srai_2               
0000d1d4  __mspabi_srai_1               
0000d1d8  __mspabi_divi                 
0000d1d8  __mspabi_remi                 
0000d204  __mspabi_slli                 
0000d210  __mspabi_slli_15              
0000d212  __mspabi_slli_14              
0000d214  __mspabi_slli_13              
0000d216  __mspabi_slli_12              
0000d218  __mspabi_slli_11              
0000d21a  __mspabi_slli_10              
0000d21c  __mspabi_slli_9               
0000d21e  __mspabi_slli_8               
0000d220  __mspabi_slli_7               
0000d222  __mspabi_slli_6               
0000d224  __mspabi_slli_5               
0000d226  __mspabi_slli_4               
0000d228  __mspabi_slli_3               
0000d22a  __mspabi_slli_2               
0000d22c  __mspabi_slli_1               
0000d230  msprf24_set_config            
0000d25a  spi_init                      
0000d284  r_reg                         
0000d2aa  w_reg                         
0000d2d0  msprf24_set_address_width     
0000d2f4  msprf24_enable_feature        
0000d316  msprf24_set_retransmit_count  
0000d338  msprf24_set_channel           
0000d356  _c_int00_noargs               
0000d372  msprf24_close_pipe_all        
0000d38e  msprf24_is_alive              
0000d3aa  P2_IRQ                        
0000d3c2  msprf24_powerdown             
0000d3da  pulse_ce                      
0000d3f2  flush_rx                      
0000d408  flush_tx                      
0000d41e  msprf24_activate_tx           
0000d434  __mspabi_divu                 
0000d434  __mspabi_remu                 
0000d44a  __TI_zero_init_nomemset       
0000d45e  memcpy                        
0000d470  __mspabi_func_epilog_7        
0000d472  __mspabi_func_epilog_6        
0000d474  __mspabi_func_epilog_5        
0000d476  __mspabi_func_epilog_4        
0000d478  __mspabi_func_epilog_3        
0000d47a  __mspabi_func_epilog_2        
0000d47c  __mspabi_func_epilog_1        
0000d480  spi_transfer                  
0000d490  msprf24_get_last_retransmits  
0000d49e  __mspabi_fltid                
0000d4aa  __TI_ISR_TRAP                 
0000d4b2  C$$EXIT                       
0000d4b2  abort                         
0000d4b8  _system_pre_init              
0000d4bc  _system_post_cinit            
0000d4c2  __TI_Handler_Table_Base       
0000d4c4  __TI_CINIT_Base               
0000d4c4  __TI_Handler_Table_Limit      
0000d4c8  __TI_CINIT_Limit              
0000d4c8  __TI_CINIT_Warm               
0000ffe0  __TI_int00                    
0000ffe4  __TI_int02                    
0000ffe6  __TI_int03                    
0000ffea  __TI_int05                    
0000ffec  __TI_int06                    
0000ffee  __TI_int07                    
0000fff0  __TI_int08                    
0000fff2  __TI_int09                    
0000fff4  __TI_int10                    
0000fff6  __TI_int11                    
0000fff8  __TI_int12                    
0000fffa  __TI_int13                    
0000fffc  __TI_int14                    
0000fffe  _reset_vector                 
ffffffff  __TI_pprof_out_hndl           
ffffffff  __TI_prof_data_size           
ffffffff  __TI_prof_data_start          
ffffffff  __c_args__                    

[275 symbols]
