<?xml version="1.0" encoding="ISO-8859-1" ?>
<link_info>
   <banner>MSP430 Linker PC v21.6.0.LTS</banner>
   <copyright>Copyright (c) 2003-2018 Texas Instruments Incorporated</copyright>
   <link_time>0x63a7464f</link_time>
   <link_errors>0x0</link_errors>
   <output_file>MPU6050_Sensor_Node.out</output_file>
   <entry_point>
      <name>_c_int00_noargs</name>
      <address>0xd356</address>
   </entry_point>
   <input_file_list>
      <input_file id="fl-2">
         <path>.\</path>
         <kind>object</kind>
         <file>I2C.obj</file>
         <name>I2C.obj</name>
      </input_file>
      <input_file id="fl-3">
         <path>.\</path>
         <kind>object</kind>
         <file>MPU6050.obj</file>
         <name>MPU6050.obj</name>
      </input_file>
      <input_file id="fl-4">
         <path>.\</path>
         <kind>object</kind>
         <file>main.obj</file>
         <name>main.obj</name>
      </input_file>
      <input_file id="fl-5">
         <path>.\</path>
         <kind>object</kind>
         <file>msp430_spi.obj</file>
         <name>msp430_spi.obj</name>
      </input_file>
      <input_file id="fl-6">
         <path>.\</path>
         <kind>object</kind>
         <file>msprf24.obj</file>
         <name>msprf24.obj</name>
      </input_file>
      <input_file id="fl-b">
         <kind>object</kind>
         <file>&lt;internal&gt;</file>
         <name>&lt;internal&gt;</name>
      </input_file>
      <input_file id="fl-21">
         <path>D:\ti\ccs1210\ccs\tools\compiler\ti-cgt-msp430_21.6.0.LTS\lib\</path>
         <kind>archive</kind>
         <file>rts430_eabi.lib</file>
         <name>asr16.asm.obj</name>
      </input_file>
      <input_file id="fl-22">
         <path>D:\ti\ccs1210\ccs\tools\compiler\ti-cgt-msp430_21.6.0.LTS\lib\</path>
         <kind>archive</kind>
         <file>rts430_eabi.lib</file>
         <name>div16s.asm.obj</name>
      </input_file>
      <input_file id="fl-23">
         <path>D:\ti\ccs1210\ccs\tools\compiler\ti-cgt-msp430_21.6.0.LTS\lib\</path>
         <kind>archive</kind>
         <file>rts430_eabi.lib</file>
         <name>div16u.asm.obj</name>
      </input_file>
      <input_file id="fl-24">
         <path>D:\ti\ccs1210\ccs\tools\compiler\ti-cgt-msp430_21.6.0.LTS\lib\</path>
         <kind>archive</kind>
         <file>rts430_eabi.lib</file>
         <name>epilog.asm.obj</name>
      </input_file>
      <input_file id="fl-25">
         <path>D:\ti\ccs1210\ccs\tools\compiler\ti-cgt-msp430_21.6.0.LTS\lib\</path>
         <kind>archive</kind>
         <file>rts430_eabi.lib</file>
         <name>int00.asm.obj</name>
      </input_file>
      <input_file id="fl-26">
         <path>D:\ti\ccs1210\ccs\tools\compiler\ti-cgt-msp430_21.6.0.LTS\lib\</path>
         <kind>archive</kind>
         <file>rts430_eabi.lib</file>
         <name>int02.asm.obj</name>
      </input_file>
      <input_file id="fl-27">
         <path>D:\ti\ccs1210\ccs\tools\compiler\ti-cgt-msp430_21.6.0.LTS\lib\</path>
         <kind>archive</kind>
         <file>rts430_eabi.lib</file>
         <name>int05.asm.obj</name>
      </input_file>
      <input_file id="fl-28">
         <path>D:\ti\ccs1210\ccs\tools\compiler\ti-cgt-msp430_21.6.0.LTS\lib\</path>
         <kind>archive</kind>
         <file>rts430_eabi.lib</file>
         <name>int06.asm.obj</name>
      </input_file>
      <input_file id="fl-29">
         <path>D:\ti\ccs1210\ccs\tools\compiler\ti-cgt-msp430_21.6.0.LTS\lib\</path>
         <kind>archive</kind>
         <file>rts430_eabi.lib</file>
         <name>int07.asm.obj</name>
      </input_file>
      <input_file id="fl-2a">
         <path>D:\ti\ccs1210\ccs\tools\compiler\ti-cgt-msp430_21.6.0.LTS\lib\</path>
         <kind>archive</kind>
         <file>rts430_eabi.lib</file>
         <name>int08.asm.obj</name>
      </input_file>
      <input_file id="fl-2b">
         <path>D:\ti\ccs1210\ccs\tools\compiler\ti-cgt-msp430_21.6.0.LTS\lib\</path>
         <kind>archive</kind>
         <file>rts430_eabi.lib</file>
         <name>int09.asm.obj</name>
      </input_file>
      <input_file id="fl-2c">
         <path>D:\ti\ccs1210\ccs\tools\compiler\ti-cgt-msp430_21.6.0.LTS\lib\</path>
         <kind>archive</kind>
         <file>rts430_eabi.lib</file>
         <name>int10.asm.obj</name>
      </input_file>
      <input_file id="fl-2d">
         <path>D:\ti\ccs1210\ccs\tools\compiler\ti-cgt-msp430_21.6.0.LTS\lib\</path>
         <kind>archive</kind>
         <file>rts430_eabi.lib</file>
         <name>int11.asm.obj</name>
      </input_file>
      <input_file id="fl-2e">
         <path>D:\ti\ccs1210\ccs\tools\compiler\ti-cgt-msp430_21.6.0.LTS\lib\</path>
         <kind>archive</kind>
         <file>rts430_eabi.lib</file>
         <name>int12.asm.obj</name>
      </input_file>
      <input_file id="fl-2f">
         <path>D:\ti\ccs1210\ccs\tools\compiler\ti-cgt-msp430_21.6.0.LTS\lib\</path>
         <kind>archive</kind>
         <file>rts430_eabi.lib</file>
         <name>int13.asm.obj</name>
      </input_file>
      <input_file id="fl-30">
         <path>D:\ti\ccs1210\ccs\tools\compiler\ti-cgt-msp430_21.6.0.LTS\lib\</path>
         <kind>archive</kind>
         <file>rts430_eabi.lib</file>
         <name>int14.asm.obj</name>
      </input_file>
      <input_file id="fl-31">
         <path>D:\ti\ccs1210\ccs\tools\compiler\ti-cgt-msp430_21.6.0.LTS\lib\</path>
         <kind>archive</kind>
         <file>rts430_eabi.lib</file>
         <name>isr_trap.asm.obj</name>
      </input_file>
      <input_file id="fl-32">
         <path>D:\ti\ccs1210\ccs\tools\compiler\ti-cgt-msp430_21.6.0.LTS\lib\</path>
         <kind>archive</kind>
         <file>rts430_eabi.lib</file>
         <name>lsl16.asm.obj</name>
      </input_file>
      <input_file id="fl-33">
         <path>D:\ti\ccs1210\ccs\tools\compiler\ti-cgt-msp430_21.6.0.LTS\lib\</path>
         <kind>archive</kind>
         <file>rts430_eabi.lib</file>
         <name>boot.c.obj</name>
      </input_file>
      <input_file id="fl-34">
         <path>D:\ti\ccs1210\ccs\tools\compiler\ti-cgt-msp430_21.6.0.LTS\lib\</path>
         <kind>archive</kind>
         <file>rts430_eabi.lib</file>
         <name>autoinit.c.obj</name>
      </input_file>
      <input_file id="fl-35">
         <path>D:\ti\ccs1210\ccs\tools\compiler\ti-cgt-msp430_21.6.0.LTS\lib\</path>
         <kind>archive</kind>
         <file>rts430_eabi.lib</file>
         <name>copy_zero_init.c.obj</name>
      </input_file>
      <input_file id="fl-36">
         <path>D:\ti\ccs1210\ccs\tools\compiler\ti-cgt-msp430_21.6.0.LTS\lib\</path>
         <kind>archive</kind>
         <file>rts430_eabi.lib</file>
         <name>cpy_tbl.c.obj</name>
      </input_file>
      <input_file id="fl-37">
         <path>D:\ti\ccs1210\ccs\tools\compiler\ti-cgt-msp430_21.6.0.LTS\lib\</path>
         <kind>archive</kind>
         <file>rts430_eabi.lib</file>
         <name>mpu_init.c.obj</name>
      </input_file>
      <input_file id="fl-38">
         <path>D:\ti\ccs1210\ccs\tools\compiler\ti-cgt-msp430_21.6.0.LTS\lib\</path>
         <kind>archive</kind>
         <file>rts430_eabi.lib</file>
         <name>pre_init.c.obj</name>
      </input_file>
      <input_file id="fl-39">
         <path>D:\ti\ccs1210\ccs\tools\compiler\ti-cgt-msp430_21.6.0.LTS\lib\</path>
         <kind>archive</kind>
         <file>rts430_eabi.lib</file>
         <name>startup.c.obj</name>
      </input_file>
      <input_file id="fl-3a">
         <path>D:\ti\ccs1210\ccs\tools\compiler\ti-cgt-msp430_21.6.0.LTS\lib\</path>
         <kind>archive</kind>
         <file>rts430_eabi.lib</file>
         <name>copy_decompress_none.c.obj</name>
      </input_file>
      <input_file id="fl-3b">
         <path>D:\ti\ccs1210\ccs\tools\compiler\ti-cgt-msp430_21.6.0.LTS\lib\</path>
         <kind>archive</kind>
         <file>rts430_eabi.lib</file>
         <name>copy_decompress_lzss.c.obj</name>
      </input_file>
      <input_file id="fl-3c">
         <path>D:\ti\ccs1210\ccs\tools\compiler\ti-cgt-msp430_21.6.0.LTS\lib\</path>
         <kind>archive</kind>
         <file>rts430_eabi.lib</file>
         <name>addd.c.obj</name>
      </input_file>
      <input_file id="fl-3d">
         <path>D:\ti\ccs1210\ccs\tools\compiler\ti-cgt-msp430_21.6.0.LTS\lib\</path>
         <kind>archive</kind>
         <file>rts430_eabi.lib</file>
         <name>fltid.c.obj</name>
      </input_file>
      <input_file id="fl-3e">
         <path>D:\ti\ccs1210\ccs\tools\compiler\ti-cgt-msp430_21.6.0.LTS\lib\</path>
         <kind>archive</kind>
         <file>rts430_eabi.lib</file>
         <name>fltlid.c.obj</name>
      </input_file>
      <input_file id="fl-3f">
         <path>D:\ti\ccs1210\ccs\tools\compiler\ti-cgt-msp430_21.6.0.LTS\lib\</path>
         <kind>archive</kind>
         <file>rts430_eabi.lib</file>
         <name>cvtdf.c.obj</name>
      </input_file>
      <input_file id="fl-40">
         <path>D:\ti\ccs1210\ccs\tools\compiler\ti-cgt-msp430_21.6.0.LTS\lib\</path>
         <kind>archive</kind>
         <file>rts430_eabi.lib</file>
         <name>exit.c.obj</name>
      </input_file>
      <input_file id="fl-41">
         <path>D:\ti\ccs1210\ccs\tools\compiler\ti-cgt-msp430_21.6.0.LTS\lib\</path>
         <kind>archive</kind>
         <file>rts430_eabi.lib</file>
         <name>_lock.c.obj</name>
      </input_file>
      <input_file id="fl-42">
         <path>D:\ti\ccs1210\ccs\tools\compiler\ti-cgt-msp430_21.6.0.LTS\lib\</path>
         <kind>archive</kind>
         <file>rts430_eabi.lib</file>
         <name>args_main.c.obj</name>
      </input_file>
      <input_file id="fl-43">
         <path>D:\ti\ccs1210\ccs\tools\compiler\ti-cgt-msp430_21.6.0.LTS\lib\</path>
         <kind>archive</kind>
         <file>rts430_eabi.lib</file>
         <name>memcpy.c.obj</name>
      </input_file>
      <input_file id="fl-44">
         <path>D:\ti\ccs1210\ccs\tools\compiler\ti-cgt-msp430_21.6.0.LTS\lib\</path>
         <kind>archive</kind>
         <file>rts430_eabi.lib</file>
         <name>lsl32.asm.obj</name>
      </input_file>
      <input_file id="fl-45">
         <path>D:\ti\ccs1210\ccs\tools\compiler\ti-cgt-msp430_21.6.0.LTS\lib\</path>
         <kind>archive</kind>
         <file>rts430_eabi.lib</file>
         <name>lsr16.asm.obj</name>
      </input_file>
      <input_file id="fl-46">
         <path>D:\ti\ccs1210\ccs\tools\compiler\ti-cgt-msp430_21.6.0.LTS\lib\</path>
         <kind>archive</kind>
         <file>rts430_eabi.lib</file>
         <name>lsr32.asm.obj</name>
      </input_file>
      <input_file id="fl-47">
         <path>D:\ti\ccs1210\ccs\tools\compiler\ti-cgt-msp430_21.6.0.LTS\lib\</path>
         <kind>archive</kind>
         <file>rts430_eabi.lib</file>
         <name>mult16.asm.obj</name>
      </input_file>
      <input_file id="fl-48">
         <path>D:\ti\ccs1210\ccs\tools\compiler\ti-cgt-msp430_21.6.0.LTS\lib\</path>
         <kind>archive</kind>
         <file>rts430_eabi.lib</file>
         <name>exit_gvars.c.obj</name>
      </input_file>
      <input_file id="fl-49">
         <path>D:\ti\ccs1210\ccs\tools\compiler\ti-cgt-msp430_21.6.0.LTS\lib\</path>
         <kind>archive</kind>
         <file>rts430_eabi.lib</file>
         <name>asr64.c.obj</name>
      </input_file>
      <input_file id="fl-4a">
         <path>D:\ti\ccs1210\ccs\tools\compiler\ti-cgt-msp430_21.6.0.LTS\lib\</path>
         <kind>archive</kind>
         <file>rts430_eabi.lib</file>
         <name>lsl64.c.obj</name>
      </input_file>
      <input_file id="fl-4b">
         <path>D:\ti\ccs1210\ccs\tools\compiler\ti-cgt-msp430_21.6.0.LTS\lib\</path>
         <kind>archive</kind>
         <file>rts430_eabi.lib</file>
         <name>lsr64.c.obj</name>
      </input_file>
   </input_file_list>
   <object_component_list>
      <object_component id="oc-18f">
         <name>.common:user</name>
         <uninitialized>true</uninitialized>
         <run_address>0x208</run_address>
         <size>0x2</size>
      </object_component>
      <object_component id="oc-1c6">
         <name>.common:temp_C</name>
         <uninitialized>true</uninitialized>
         <run_address>0x204</run_address>
         <size>0x4</size>
      </object_component>
      <object_component id="oc-1c7">
         <name>.common:temp</name>
         <uninitialized>true</uninitialized>
         <run_address>0x200</run_address>
         <size>0x4</size>
      </object_component>
      <object_component id="oc-266">
         <name>.common:rf_feature</name>
         <uninitialized>true</uninitialized>
         <run_address>0x20d</run_address>
         <size>0x1</size>
      </object_component>
      <object_component id="oc-192">
         <name>.common:rf_crc</name>
         <uninitialized>true</uninitialized>
         <run_address>0x20c</run_address>
         <size>0x1</size>
      </object_component>
      <object_component id="oc-193">
         <name>.common:rf_addr_width</name>
         <uninitialized>true</uninitialized>
         <run_address>0x20a</run_address>
         <size>0x1</size>
      </object_component>
      <object_component id="oc-194">
         <name>.common:rf_speed_power</name>
         <uninitialized>true</uninitialized>
         <run_address>0x20f</run_address>
         <size>0x1</size>
      </object_component>
      <object_component id="oc-195">
         <name>.common:rf_channel</name>
         <uninitialized>true</uninitialized>
         <run_address>0x20b</run_address>
         <size>0x1</size>
      </object_component>
      <object_component id="oc-29c">
         <name>.common:rf_status</name>
         <uninitialized>true</uninitialized>
         <run_address>0x210</run_address>
         <size>0x1</size>
      </object_component>
      <object_component id="oc-13d">
         <name>.common:rf_irq</name>
         <uninitialized>true</uninitialized>
         <run_address>0x20e</run_address>
         <size>0x1</size>
      </object_component>
      <object_component id="oc-b1">
         <name>.stack</name>
         <uninitialized>true</uninitialized>
         <run_address>0x3b0</run_address>
         <size>0x2</size>
         <input_file_ref idref="fl-33"/>
      </object_component>
      <object_component id="oc-3da">
         <name>.stack</name>
         <uninitialized>true</uninitialized>
         <run_address>0x3b0</run_address>
         <size>0x0</size>
      </object_component>
      <object_component id="oc-2b0">
         <name>.text:__mspabi_addd</name>
         <load_address>0xc000</load_address>
         <run_address>0xc000</run_address>
         <size>0x736</size>
         <input_file_ref idref="fl-3c"/>
      </object_component>
      <object_component id="oc-14f">
         <name>.text:main</name>
         <load_address>0xc736</load_address>
         <run_address>0xc736</run_address>
         <size>0x16a</size>
         <input_file_ref idref="fl-4"/>
      </object_component>
      <object_component id="oc-2b6">
         <name>.text:__mspabi_cvtdf</name>
         <load_address>0xc8a0</load_address>
         <run_address>0xc8a0</run_address>
         <size>0xb4</size>
         <input_file_ref idref="fl-3f"/>
      </object_component>
      <object_component id="oc-320">
         <name>.text:__mspabi_fltlid</name>
         <load_address>0xc954</load_address>
         <run_address>0xc954</run_address>
         <size>0xac</size>
         <input_file_ref idref="fl-3e"/>
      </object_component>
      <object_component id="oc-196">
         <name>.text:msprf24_init</name>
         <load_address>0xca00</load_address>
         <run_address>0xca00</run_address>
         <size>0x94</size>
         <input_file_ref idref="fl-6"/>
      </object_component>
      <object_component id="oc-189">
         <name>.text:mpu_init</name>
         <load_address>0xca94</load_address>
         <run_address>0xca94</run_address>
         <size>0x84</size>
         <input_file_ref idref="fl-3"/>
      </object_component>
      <object_component id="oc-29f">
         <name>.text:i2c_read_addr8_data8</name>
         <load_address>0xcb18</load_address>
         <run_address>0xcb18</run_address>
         <size>0x80</size>
         <input_file_ref idref="fl-2"/>
      </object_component>
      <object_component id="oc-19c">
         <name>.text:msprf24_set_pipe_packetsize</name>
         <load_address>0xcb98</load_address>
         <run_address>0xcb98</run_address>
         <size>0x6a</size>
         <input_file_ref idref="fl-6"/>
      </object_component>
      <object_component id="oc-248">
         <name>.text:msprf24_set_retransmit_delay</name>
         <load_address>0xcc02</load_address>
         <run_address>0xcc02</run_address>
         <size>0x62</size>
         <input_file_ref idref="fl-6"/>
      </object_component>
      <object_component id="oc-1c8">
         <name>.text:w_tx_payload</name>
         <load_address>0xcc64</load_address>
         <run_address>0xcc64</run_address>
         <size>0x62</size>
         <input_file_ref idref="fl-6"/>
      </object_component>
      <object_component id="oc-36d">
         <name>.text:l_lsr_const</name>
         <load_address>0xccc6</load_address>
         <run_address>0xccc6</run_address>
         <size>0x5c</size>
         <input_file_ref idref="fl-46"/>
      </object_component>
      <object_component id="oc-1ae">
         <name>.text:msprf24_current_state</name>
         <load_address>0xcd22</load_address>
         <run_address>0xcd22</run_address>
         <size>0x5a</size>
         <input_file_ref idref="fl-6"/>
      </object_component>
      <object_component id="oc-1a2">
         <name>.text:msprf24_open_pipe</name>
         <load_address>0xcd7c</load_address>
         <run_address>0xcd7c</run_address>
         <size>0x5a</size>
         <input_file_ref idref="fl-6"/>
      </object_component>
      <object_component id="oc-1c0">
         <name>.text:get_temp</name>
         <load_address>0xcdd6</load_address>
         <run_address>0xcdd6</run_address>
         <size>0x58</size>
         <input_file_ref idref="fl-3"/>
      </object_component>
      <object_component id="oc-1ba">
         <name>.text:w_rx_addr</name>
         <load_address>0xce2e</load_address>
         <run_address>0xce2e</run_address>
         <size>0x58</size>
         <input_file_ref idref="fl-6"/>
      </object_component>
      <object_component id="oc-22d">
         <name>.text:i2c_write_addr8_data8</name>
         <load_address>0xce86</load_address>
         <run_address>0xce86</run_address>
         <size>0x52</size>
         <input_file_ref idref="fl-2"/>
      </object_component>
      <object_component id="oc-1da">
         <name>.text:msprf24_irq_clear</name>
         <load_address>0xced8</load_address>
         <run_address>0xced8</run_address>
         <size>0x50</size>
         <input_file_ref idref="fl-6"/>
      </object_component>
      <object_component id="oc-ba">
         <name>.text</name>
         <load_address>0xcf28</load_address>
         <run_address>0xcf28</run_address>
         <size>0x4c</size>
         <input_file_ref idref="fl-45"/>
      </object_component>
      <object_component id="oc-327">
         <name>.text:__mspabi_srall</name>
         <load_address>0xcf74</load_address>
         <run_address>0xcf74</run_address>
         <size>0x4a</size>
         <input_file_ref idref="fl-49"/>
      </object_component>
      <object_component id="oc-32d">
         <name>.text:__mspabi_sllll</name>
         <load_address>0xcfbe</load_address>
         <run_address>0xcfbe</run_address>
         <size>0x44</size>
         <input_file_ref idref="fl-4a"/>
      </object_component>
      <object_component id="oc-1f3">
         <name>.text:__TI_auto_init_nobinit_nopinit:__TI_auto_init_nobinit_nopinit</name>
         <load_address>0xd002</load_address>
         <run_address>0xd002</run_address>
         <size>0x42</size>
         <input_file_ref idref="fl-34"/>
      </object_component>
      <object_component id="oc-335">
         <name>.text:l_lsl_const</name>
         <load_address>0xd044</load_address>
         <run_address>0xd044</run_address>
         <size>0x3e</size>
         <input_file_ref idref="fl-44"/>
      </object_component>
      <object_component id="oc-1b4">
         <name>.text:w_tx_addr</name>
         <load_address>0xd082</load_address>
         <run_address>0xd082</run_address>
         <size>0x38</size>
         <input_file_ref idref="fl-6"/>
      </object_component>
      <object_component id="oc-2bd">
         <name>.text:spi_transfer16</name>
         <load_address>0xd0ba</load_address>
         <run_address>0xd0ba</run_address>
         <size>0x36</size>
         <input_file_ref idref="fl-5"/>
      </object_component>
      <object_component id="oc-183">
         <name>.text:i2c_init</name>
         <load_address>0xd0f0</load_address>
         <run_address>0xd0f0</run_address>
         <size>0x32</size>
         <input_file_ref idref="fl-2"/>
      </object_component>
      <object_component id="oc-1d4">
         <name>.text:msprf24_get_irq_reason</name>
         <load_address>0xd122</load_address>
         <run_address>0xd122</run_address>
         <size>0x2e</size>
         <input_file_ref idref="fl-6"/>
      </object_component>
      <object_component id="oc-254">
         <name>.text:msprf24_set_speed_power</name>
         <load_address>0xd150</load_address>
         <run_address>0xd150</run_address>
         <size>0x2e</size>
         <input_file_ref idref="fl-6"/>
      </object_component>
      <object_component id="oc-1a8">
         <name>.text:msprf24_standby</name>
         <load_address>0xd17e</load_address>
         <run_address>0xd17e</run_address>
         <size>0x2e</size>
         <input_file_ref idref="fl-6"/>
      </object_component>
      <object_component id="oc-379">
         <name>.text</name>
         <load_address>0xd1ac</load_address>
         <run_address>0xd1ac</run_address>
         <size>0x2c</size>
         <input_file_ref idref="fl-21"/>
      </object_component>
      <object_component id="oc-2a5">
         <name>.text</name>
         <load_address>0xd1d8</load_address>
         <run_address>0xd1d8</run_address>
         <size>0x2c</size>
         <input_file_ref idref="fl-22"/>
      </object_component>
      <object_component id="oc-b5">
         <name>.text</name>
         <load_address>0xd204</load_address>
         <run_address>0xd204</run_address>
         <size>0x2c</size>
         <input_file_ref idref="fl-32"/>
      </object_component>
      <object_component id="oc-28e">
         <name>.text:msprf24_set_config</name>
         <load_address>0xd230</load_address>
         <run_address>0xd230</run_address>
         <size>0x2a</size>
         <input_file_ref idref="fl-6"/>
      </object_component>
      <object_component id="oc-236">
         <name>.text:spi_init</name>
         <load_address>0xd25a</load_address>
         <run_address>0xd25a</run_address>
         <size>0x2a</size>
         <input_file_ref idref="fl-5"/>
      </object_component>
      <object_component id="oc-280">
         <name>.text:r_reg</name>
         <load_address>0xd284</load_address>
         <run_address>0xd284</run_address>
         <size>0x26</size>
         <input_file_ref idref="fl-6"/>
      </object_component>
      <object_component id="oc-286">
         <name>.text:w_reg</name>
         <load_address>0xd2aa</load_address>
         <run_address>0xd2aa</run_address>
         <size>0x26</size>
         <input_file_ref idref="fl-6"/>
      </object_component>
      <object_component id="oc-260">
         <name>.text:msprf24_set_address_width</name>
         <load_address>0xd2d0</load_address>
         <run_address>0xd2d0</run_address>
         <size>0x24</size>
         <input_file_ref idref="fl-6"/>
      </object_component>
      <object_component id="oc-267">
         <name>.text:msprf24_enable_feature</name>
         <load_address>0xd2f4</load_address>
         <run_address>0xd2f4</run_address>
         <size>0x22</size>
         <input_file_ref idref="fl-6"/>
      </object_component>
      <object_component id="oc-24e">
         <name>.text:msprf24_set_retransmit_count</name>
         <load_address>0xd316</load_address>
         <run_address>0xd316</run_address>
         <size>0x22</size>
         <input_file_ref idref="fl-6"/>
      </object_component>
      <object_component id="oc-25a">
         <name>.text:msprf24_set_channel</name>
         <load_address>0xd338</load_address>
         <run_address>0xd338</run_address>
         <size>0x1e</size>
         <input_file_ref idref="fl-6"/>
      </object_component>
      <object_component id="oc-f9">
         <name>.text:_c_int00_noargs</name>
         <load_address>0xd356</load_address>
         <run_address>0xd356</run_address>
         <size>0x1c</size>
         <input_file_ref idref="fl-33"/>
      </object_component>
      <object_component id="oc-242">
         <name>.text:msprf24_close_pipe_all</name>
         <load_address>0xd372</load_address>
         <run_address>0xd372</run_address>
         <size>0x1c</size>
         <input_file_ref idref="fl-6"/>
      </object_component>
      <object_component id="oc-295">
         <name>.text:msprf24_is_alive</name>
         <load_address>0xd38e</load_address>
         <run_address>0xd38e</run_address>
         <size>0x1c</size>
         <input_file_ref idref="fl-6"/>
      </object_component>
      <object_component id="oc-e1">
         <name>.text:P2_IRQ</name>
         <load_address>0xd3aa</load_address>
         <run_address>0xd3aa</run_address>
         <size>0x18</size>
         <input_file_ref idref="fl-6"/>
      </object_component>
      <object_component id="oc-26d">
         <name>.text:msprf24_powerdown</name>
         <load_address>0xd3c2</load_address>
         <run_address>0xd3c2</run_address>
         <size>0x18</size>
         <input_file_ref idref="fl-6"/>
      </object_component>
      <object_component id="oc-2c4">
         <name>.text:pulse_ce</name>
         <load_address>0xd3da</load_address>
         <run_address>0xd3da</run_address>
         <size>0x18</size>
         <input_file_ref idref="fl-6"/>
      </object_component>
      <object_component id="oc-279">
         <name>.text:flush_rx</name>
         <load_address>0xd3f2</load_address>
         <run_address>0xd3f2</run_address>
         <size>0x16</size>
         <input_file_ref idref="fl-6"/>
      </object_component>
      <object_component id="oc-273">
         <name>.text:flush_tx</name>
         <load_address>0xd408</load_address>
         <run_address>0xd408</run_address>
         <size>0x16</size>
         <input_file_ref idref="fl-6"/>
      </object_component>
      <object_component id="oc-1ce">
         <name>.text:msprf24_activate_tx</name>
         <load_address>0xd41e</load_address>
         <run_address>0xd41e</run_address>
         <size>0x16</size>
         <input_file_ref idref="fl-6"/>
      </object_component>
      <object_component id="oc-30c">
         <name>.text</name>
         <load_address>0xd434</load_address>
         <run_address>0xd434</run_address>
         <size>0x16</size>
         <input_file_ref idref="fl-23"/>
      </object_component>
      <object_component id="oc-e7">
         <name>.text:decompress:ZI:__TI_zero_init_nomemset:__TI_zero_init_nomemset</name>
         <load_address>0xd44a</load_address>
         <run_address>0xd44a</run_address>
         <size>0x14</size>
         <input_file_ref idref="fl-35"/>
      </object_component>
      <object_component id="oc-cf">
         <name>.text:memcpy</name>
         <load_address>0xd45e</load_address>
         <run_address>0xd45e</run_address>
         <size>0x12</size>
         <input_file_ref idref="fl-43"/>
      </object_component>
      <object_component id="oc-bf">
         <name>.text</name>
         <load_address>0xd470</load_address>
         <run_address>0xd470</run_address>
         <size>0x10</size>
         <input_file_ref idref="fl-24"/>
      </object_component>
      <object_component id="oc-23c">
         <name>.text:spi_transfer</name>
         <load_address>0xd480</load_address>
         <run_address>0xd480</run_address>
         <size>0x10</size>
         <input_file_ref idref="fl-5"/>
      </object_component>
      <object_component id="oc-1e0">
         <name>.text:msprf24_get_last_retransmits</name>
         <load_address>0xd490</load_address>
         <run_address>0xd490</run_address>
         <size>0xe</size>
         <input_file_ref idref="fl-6"/>
      </object_component>
      <object_component id="oc-2aa">
         <name>.text:__mspabi_fltid</name>
         <load_address>0xd49e</load_address>
         <run_address>0xd49e</run_address>
         <size>0xc</size>
         <input_file_ref idref="fl-3d"/>
      </object_component>
      <object_component id="oc-dc">
         <name>.text:_isr:__TI_ISR_TRAP</name>
         <load_address>0xd4aa</load_address>
         <run_address>0xd4aa</run_address>
         <size>0x8</size>
         <input_file_ref idref="fl-31"/>
      </object_component>
      <object_component id="oc-1e7">
         <name>.text:abort</name>
         <load_address>0xd4b2</load_address>
         <run_address>0xd4b2</run_address>
         <size>0x6</size>
         <input_file_ref idref="fl-40"/>
      </object_component>
      <object_component id="oc-149">
         <name>.text:_system_pre_init</name>
         <load_address>0xd4b8</load_address>
         <run_address>0xd4b8</run_address>
         <size>0x4</size>
         <input_file_ref idref="fl-38"/>
      </object_component>
      <object_component id="oc-2e0">
         <name>.text:_system_post_cinit</name>
         <load_address>0xd4bc</load_address>
         <run_address>0xd4bc</run_address>
         <size>0x2</size>
         <input_file_ref idref="fl-39"/>
      </object_component>
      <object_component id="oc-3d9">
         <name>.cinit..bss.load</name>
         <load_address>0xd4be</load_address>
         <run_address>0xd4be</run_address>
         <size>0x4</size>
      </object_component>
      <object_component id="oc-3d7">
         <name>__TI_handler_table</name>
         <load_address>0xd4c2</load_address>
         <run_address>0xd4c2</run_address>
         <size>0x2</size>
      </object_component>
      <object_component id="oc-3d8">
         <name>__TI_cinit_table</name>
         <load_address>0xd4c4</load_address>
         <run_address>0xd4c4</run_address>
         <size>0x4</size>
      </object_component>
      <object_component id="oc-399">
         <name>.binit</name>
         <load_address>0xc000</load_address>
         <run_address>0xc000</run_address>
         <size>0x0</size>
      </object_component>
      <object_component id="oc-40">
         <name>.int00</name>
         <load_address>0xffe0</load_address>
         <run_address>0xffe0</run_address>
         <size>0x2</size>
         <input_file_ref idref="fl-25"/>
      </object_component>
      <object_component id="oc-41">
         <name>.int02</name>
         <load_address>0xffe4</load_address>
         <run_address>0xffe4</run_address>
         <size>0x2</size>
         <input_file_ref idref="fl-26"/>
      </object_component>
      <object_component id="oc-42">
         <name>.int03</name>
         <load_address>0xffe6</load_address>
         <run_address>0xffe6</run_address>
         <size>0x2</size>
         <input_file_ref idref="fl-6"/>
      </object_component>
      <object_component id="oc-43">
         <name>.int05</name>
         <load_address>0xffea</load_address>
         <run_address>0xffea</run_address>
         <size>0x2</size>
         <input_file_ref idref="fl-27"/>
      </object_component>
      <object_component id="oc-44">
         <name>.int06</name>
         <load_address>0xffec</load_address>
         <run_address>0xffec</run_address>
         <size>0x2</size>
         <input_file_ref idref="fl-28"/>
      </object_component>
      <object_component id="oc-45">
         <name>.int07</name>
         <load_address>0xffee</load_address>
         <run_address>0xffee</run_address>
         <size>0x2</size>
         <input_file_ref idref="fl-29"/>
      </object_component>
      <object_component id="oc-46">
         <name>.int08</name>
         <load_address>0xfff0</load_address>
         <run_address>0xfff0</run_address>
         <size>0x2</size>
         <input_file_ref idref="fl-2a"/>
      </object_component>
      <object_component id="oc-47">
         <name>.int09</name>
         <load_address>0xfff2</load_address>
         <run_address>0xfff2</run_address>
         <size>0x2</size>
         <input_file_ref idref="fl-2b"/>
      </object_component>
      <object_component id="oc-48">
         <name>.int10</name>
         <load_address>0xfff4</load_address>
         <run_address>0xfff4</run_address>
         <size>0x2</size>
         <input_file_ref idref="fl-2c"/>
      </object_component>
      <object_component id="oc-49">
         <name>.int11</name>
         <load_address>0xfff6</load_address>
         <run_address>0xfff6</run_address>
         <size>0x2</size>
         <input_file_ref idref="fl-2d"/>
      </object_component>
      <object_component id="oc-4a">
         <name>.int12</name>
         <load_address>0xfff8</load_address>
         <run_address>0xfff8</run_address>
         <size>0x2</size>
         <input_file_ref idref="fl-2e"/>
      </object_component>
      <object_component id="oc-4b">
         <name>.int13</name>
         <load_address>0xfffa</load_address>
         <run_address>0xfffa</run_address>
         <size>0x2</size>
         <input_file_ref idref="fl-2f"/>
      </object_component>
      <object_component id="oc-4c">
         <name>.int14</name>
         <load_address>0xfffc</load_address>
         <run_address>0xfffc</run_address>
         <size>0x2</size>
         <input_file_ref idref="fl-30"/>
      </object_component>
      <object_component id="oc-b4">
         <name>.reset</name>
         <load_address>0xfffe</load_address>
         <run_address>0xfffe</run_address>
         <size>0x2</size>
         <input_file_ref idref="fl-33"/>
      </object_component>
      <object_component id="oc-22b">
         <name>.debug_info</name>
         <load_address>0x0</load_address>
         <run_address>0x0</run_address>
         <size>0x2fd</size>
         <input_file_ref idref="fl-2"/>
      </object_component>
      <object_component id="oc-230">
         <name>.debug_info</name>
         <load_address>0x2fd</load_address>
         <run_address>0x2fd</run_address>
         <size>0x16a</size>
         <input_file_ref idref="fl-2"/>
      </object_component>
      <object_component id="oc-2a0">
         <name>.debug_info</name>
         <load_address>0x467</load_address>
         <run_address>0x467</run_address>
         <size>0x168</size>
         <input_file_ref idref="fl-2"/>
      </object_component>
      <object_component id="oc-184">
         <name>.debug_info</name>
         <load_address>0x5cf</load_address>
         <run_address>0x5cf</run_address>
         <size>0xf1</size>
         <input_file_ref idref="fl-2"/>
      </object_component>
      <object_component id="oc-304">
         <name>.debug_info</name>
         <load_address>0x6c0</load_address>
         <run_address>0x6c0</run_address>
         <size>0x48</size>
         <input_file_ref idref="fl-2"/>
      </object_component>
      <object_component id="oc-17b">
         <name>.debug_info</name>
         <load_address>0x708</load_address>
         <run_address>0x708</run_address>
         <size>0x26b</size>
         <input_file_ref idref="fl-2"/>
      </object_component>
      <object_component id="oc-ca">
         <name>.debug_info</name>
         <load_address>0x973</load_address>
         <run_address>0x973</run_address>
         <size>0x84</size>
         <input_file_ref idref="fl-2"/>
      </object_component>
      <object_component id="oc-226">
         <name>.debug_info</name>
         <load_address>0x9f7</load_address>
         <run_address>0x9f7</run_address>
         <size>0x282</size>
         <input_file_ref idref="fl-2"/>
      </object_component>
      <object_component id="oc-176">
         <name>.debug_info</name>
         <load_address>0xc79</load_address>
         <run_address>0xc79</run_address>
         <size>0xbb</size>
         <input_file_ref idref="fl-2"/>
      </object_component>
      <object_component id="oc-18a">
         <name>.debug_info</name>
         <load_address>0xd34</load_address>
         <run_address>0xd34</run_address>
         <size>0x215</size>
         <input_file_ref idref="fl-3"/>
      </object_component>
      <object_component id="oc-1c1">
         <name>.debug_info</name>
         <load_address>0xf49</load_address>
         <run_address>0xf49</run_address>
         <size>0x1c0</size>
         <input_file_ref idref="fl-3"/>
      </object_component>
      <object_component id="oc-190">
         <name>.debug_info</name>
         <load_address>0x1109</load_address>
         <run_address>0x1109</run_address>
         <size>0x64a</size>
         <input_file_ref idref="fl-4"/>
      </object_component>
      <object_component id="oc-151">
         <name>.debug_info</name>
         <load_address>0x1753</load_address>
         <run_address>0x1753</run_address>
         <size>0x26a</size>
         <input_file_ref idref="fl-4"/>
      </object_component>
      <object_component id="oc-33d">
         <name>.debug_info</name>
         <load_address>0x19bd</load_address>
         <run_address>0x19bd</run_address>
         <size>0x2a7</size>
         <input_file_ref idref="fl-5"/>
      </object_component>
      <object_component id="oc-23f">
         <name>.debug_info</name>
         <load_address>0x1c64</load_address>
         <run_address>0x1c64</run_address>
         <size>0x130</size>
         <input_file_ref idref="fl-5"/>
      </object_component>
      <object_component id="oc-2bf">
         <name>.debug_info</name>
         <load_address>0x1d94</load_address>
         <run_address>0x1d94</run_address>
         <size>0x16b</size>
         <input_file_ref idref="fl-5"/>
      </object_component>
      <object_component id="oc-239">
         <name>.debug_info</name>
         <load_address>0x1eff</load_address>
         <run_address>0x1eff</run_address>
         <size>0x106</size>
         <input_file_ref idref="fl-5"/>
      </object_component>
      <object_component id="oc-13e">
         <name>.debug_info</name>
         <load_address>0x2005</load_address>
         <run_address>0x2005</run_address>
         <size>0x3b0</size>
         <input_file_ref idref="fl-6"/>
      </object_component>
      <object_component id="oc-1c9">
         <name>.debug_info</name>
         <load_address>0x23b5</load_address>
         <run_address>0x23b5</run_address>
         <size>0x18d</size>
         <input_file_ref idref="fl-6"/>
      </object_component>
      <object_component id="oc-1b5">
         <name>.debug_info</name>
         <load_address>0x2542</load_address>
         <run_address>0x2542</run_address>
         <size>0x152</size>
         <input_file_ref idref="fl-6"/>
      </object_component>
      <object_component id="oc-1bb">
         <name>.debug_info</name>
         <load_address>0x2694</load_address>
         <run_address>0x2694</run_address>
         <size>0x187</size>
         <input_file_ref idref="fl-6"/>
      </object_component>
      <object_component id="oc-287">
         <name>.debug_info</name>
         <load_address>0x281b</load_address>
         <run_address>0x281b</run_address>
         <size>0x150</size>
         <input_file_ref idref="fl-6"/>
      </object_component>
      <object_component id="oc-281">
         <name>.debug_info</name>
         <load_address>0x296b</load_address>
         <run_address>0x296b</run_address>
         <size>0x13d</size>
         <input_file_ref idref="fl-6"/>
      </object_component>
      <object_component id="oc-2c5">
         <name>.debug_info</name>
         <load_address>0x2aa8</load_address>
         <run_address>0x2aa8</run_address>
         <size>0xfd</size>
         <input_file_ref idref="fl-6"/>
      </object_component>
      <object_component id="oc-296">
         <name>.debug_info</name>
         <load_address>0x2ba5</load_address>
         <run_address>0x2ba5</run_address>
         <size>0x12d</size>
         <input_file_ref idref="fl-6"/>
      </object_component>
      <object_component id="oc-1af">
         <name>.debug_info</name>
         <load_address>0x2cd2</load_address>
         <run_address>0x2cd2</run_address>
         <size>0x16e</size>
         <input_file_ref idref="fl-6"/>
      </object_component>
      <object_component id="oc-28f">
         <name>.debug_info</name>
         <load_address>0x2e40</load_address>
         <run_address>0x2e40</run_address>
         <size>0x181</size>
         <input_file_ref idref="fl-6"/>
      </object_component>
      <object_component id="oc-1a9">
         <name>.debug_info</name>
         <load_address>0x2fc1</load_address>
         <run_address>0x2fc1</run_address>
         <size>0x156</size>
         <input_file_ref idref="fl-6"/>
      </object_component>
      <object_component id="oc-255">
         <name>.debug_info</name>
         <load_address>0x3117</load_address>
         <run_address>0x3117</run_address>
         <size>0x12a</size>
         <input_file_ref idref="fl-6"/>
      </object_component>
      <object_component id="oc-249">
         <name>.debug_info</name>
         <load_address>0x3241</load_address>
         <run_address>0x3241</run_address>
         <size>0x18f</size>
         <input_file_ref idref="fl-6"/>
      </object_component>
      <object_component id="oc-24f">
         <name>.debug_info</name>
         <load_address>0x33d0</load_address>
         <run_address>0x33d0</run_address>
         <size>0x171</size>
         <input_file_ref idref="fl-6"/>
      </object_component>
      <object_component id="oc-19d">
         <name>.debug_info</name>
         <load_address>0x3541</load_address>
         <run_address>0x3541</run_address>
         <size>0x1e3</size>
         <input_file_ref idref="fl-6"/>
      </object_component>
      <object_component id="oc-25b">
         <name>.debug_info</name>
         <load_address>0x3724</load_address>
         <run_address>0x3724</run_address>
         <size>0x122</size>
         <input_file_ref idref="fl-6"/>
      </object_component>
      <object_component id="oc-261">
         <name>.debug_info</name>
         <load_address>0x3846</load_address>
         <run_address>0x3846</run_address>
         <size>0x12e</size>
         <input_file_ref idref="fl-6"/>
      </object_component>
      <object_component id="oc-27a">
         <name>.debug_info</name>
         <load_address>0x3974</load_address>
         <run_address>0x3974</run_address>
         <size>0x110</size>
         <input_file_ref idref="fl-6"/>
      </object_component>
      <object_component id="oc-26e">
         <name>.debug_info</name>
         <load_address>0x3a84</load_address>
         <run_address>0x3a84</run_address>
         <size>0x137</size>
         <input_file_ref idref="fl-6"/>
      </object_component>
      <object_component id="oc-1a3">
         <name>.debug_info</name>
         <load_address>0x3bbb</load_address>
         <run_address>0x3bbb</run_address>
         <size>0x1f8</size>
         <input_file_ref idref="fl-6"/>
      </object_component>
      <object_component id="oc-1db">
         <name>.debug_info</name>
         <load_address>0x3db3</load_address>
         <run_address>0x3db3</run_address>
         <size>0x1a5</size>
         <input_file_ref idref="fl-6"/>
      </object_component>
      <object_component id="oc-243">
         <name>.debug_info</name>
         <load_address>0x3f58</load_address>
         <run_address>0x3f58</run_address>
         <size>0x140</size>
         <input_file_ref idref="fl-6"/>
      </object_component>
      <object_component id="oc-268">
         <name>.debug_info</name>
         <load_address>0x4098</load_address>
         <run_address>0x4098</run_address>
         <size>0x156</size>
         <input_file_ref idref="fl-6"/>
      </object_component>
      <object_component id="oc-274">
         <name>.debug_info</name>
         <load_address>0x41ee</load_address>
         <run_address>0x41ee</run_address>
         <size>0x110</size>
         <input_file_ref idref="fl-6"/>
      </object_component>
      <object_component id="oc-198">
         <name>.debug_info</name>
         <load_address>0x42fe</load_address>
         <run_address>0x42fe</run_address>
         <size>0x278</size>
         <input_file_ref idref="fl-6"/>
      </object_component>
      <object_component id="oc-1e1">
         <name>.debug_info</name>
         <load_address>0x4576</load_address>
         <run_address>0x4576</run_address>
         <size>0x138</size>
         <input_file_ref idref="fl-6"/>
      </object_component>
      <object_component id="oc-1d5">
         <name>.debug_info</name>
         <load_address>0x46ae</load_address>
         <run_address>0x46ae</run_address>
         <size>0x150</size>
         <input_file_ref idref="fl-6"/>
      </object_component>
      <object_component id="oc-1d0">
         <name>.debug_info</name>
         <load_address>0x47fe</load_address>
         <run_address>0x47fe</run_address>
         <size>0x147</size>
         <input_file_ref idref="fl-6"/>
      </object_component>
      <object_component id="oc-e2">
         <name>.debug_info</name>
         <load_address>0x4945</load_address>
         <run_address>0x4945</run_address>
         <size>0xfd</size>
         <input_file_ref idref="fl-6"/>
      </object_component>
      <object_component id="oc-37a">
         <name>.debug_info</name>
         <load_address>0x4a42</load_address>
         <run_address>0x4a42</run_address>
         <size>0x120</size>
         <input_file_ref idref="fl-21"/>
      </object_component>
      <object_component id="oc-2a8">
         <name>.debug_info</name>
         <load_address>0x4b62</load_address>
         <run_address>0x4b62</run_address>
         <size>0x135</size>
         <input_file_ref idref="fl-22"/>
      </object_component>
      <object_component id="oc-30f">
         <name>.debug_info</name>
         <load_address>0x4c97</load_address>
         <run_address>0x4c97</run_address>
         <size>0x121</size>
         <input_file_ref idref="fl-23"/>
      </object_component>
      <object_component id="oc-c0">
         <name>.debug_info</name>
         <load_address>0x4db8</load_address>
         <run_address>0x4db8</run_address>
         <size>0x12e</size>
         <input_file_ref idref="fl-24"/>
      </object_component>
      <object_component id="oc-df">
         <name>.debug_info</name>
         <load_address>0x4ee6</load_address>
         <run_address>0x4ee6</run_address>
         <size>0x10f</size>
         <input_file_ref idref="fl-31"/>
      </object_component>
      <object_component id="oc-b7">
         <name>.debug_info</name>
         <load_address>0x4ff5</load_address>
         <run_address>0x4ff5</run_address>
         <size>0x120</size>
         <input_file_ref idref="fl-32"/>
      </object_component>
      <object_component id="oc-b2">
         <name>.debug_info</name>
         <load_address>0x5115</load_address>
         <run_address>0x5115</run_address>
         <size>0x100</size>
         <input_file_ref idref="fl-33"/>
      </object_component>
      <object_component id="oc-fc">
         <name>.debug_info</name>
         <load_address>0x5215</load_address>
         <run_address>0x5215</run_address>
         <size>0x17a</size>
         <input_file_ref idref="fl-33"/>
      </object_component>
      <object_component id="oc-2e7">
         <name>.debug_info</name>
         <load_address>0x538f</load_address>
         <run_address>0x538f</run_address>
         <size>0x3de</size>
         <input_file_ref idref="fl-34"/>
      </object_component>
      <object_component id="oc-1f4">
         <name>.debug_info</name>
         <load_address>0x576d</load_address>
         <run_address>0x576d</run_address>
         <size>0x1e0</size>
         <input_file_ref idref="fl-34"/>
      </object_component>
      <object_component id="oc-356">
         <name>.debug_info</name>
         <load_address>0x594d</load_address>
         <run_address>0x594d</run_address>
         <size>0x39</size>
         <input_file_ref idref="fl-34"/>
      </object_component>
      <object_component id="oc-367">
         <name>.debug_info</name>
         <load_address>0x5986</load_address>
         <run_address>0x5986</run_address>
         <size>0x2c</size>
         <input_file_ref idref="fl-34"/>
      </object_component>
      <object_component id="oc-2f2">
         <name>.debug_info</name>
         <load_address>0x59b2</load_address>
         <run_address>0x59b2</run_address>
         <size>0x2c</size>
         <input_file_ref idref="fl-34"/>
      </object_component>
      <object_component id="oc-35b">
         <name>.debug_info</name>
         <load_address>0x59de</load_address>
         <run_address>0x59de</run_address>
         <size>0xcd</size>
         <input_file_ref idref="fl-34"/>
      </object_component>
      <object_component id="oc-147">
         <name>.debug_info</name>
         <load_address>0x5aab</load_address>
         <run_address>0x5aab</run_address>
         <size>0x175</size>
         <input_file_ref idref="fl-35"/>
      </object_component>
      <object_component id="oc-e8">
         <name>.debug_info</name>
         <load_address>0x5c20</load_address>
         <run_address>0x5c20</run_address>
         <size>0x1d2</size>
         <input_file_ref idref="fl-35"/>
      </object_component>
      <object_component id="oc-142">
         <name>.debug_info</name>
         <load_address>0x5df2</load_address>
         <run_address>0x5df2</run_address>
         <size>0x46</size>
         <input_file_ref idref="fl-35"/>
      </object_component>
      <object_component id="oc-130">
         <name>.debug_info</name>
         <load_address>0x5e38</load_address>
         <run_address>0x5e38</run_address>
         <size>0x2c</size>
         <input_file_ref idref="fl-35"/>
      </object_component>
      <object_component id="oc-14a">
         <name>.debug_info</name>
         <load_address>0x5e64</load_address>
         <run_address>0x5e64</run_address>
         <size>0x153</size>
         <input_file_ref idref="fl-38"/>
      </object_component>
      <object_component id="oc-2e3">
         <name>.debug_info</name>
         <load_address>0x5fb7</load_address>
         <run_address>0x5fb7</run_address>
         <size>0x150</size>
         <input_file_ref idref="fl-39"/>
      </object_component>
      <object_component id="oc-334">
         <name>.debug_info</name>
         <load_address>0x6107</load_address>
         <run_address>0x6107</run_address>
         <size>0x164</size>
         <input_file_ref idref="fl-3c"/>
      </object_component>
      <object_component id="oc-2b1">
         <name>.debug_info</name>
         <load_address>0x626b</load_address>
         <run_address>0x626b</run_address>
         <size>0x35e</size>
         <input_file_ref idref="fl-3c"/>
      </object_component>
      <object_component id="oc-2ad">
         <name>.debug_info</name>
         <load_address>0x65c9</load_address>
         <run_address>0x65c9</run_address>
         <size>0x166</size>
         <input_file_ref idref="fl-3d"/>
      </object_component>
      <object_component id="oc-373">
         <name>.debug_info</name>
         <load_address>0x672f</load_address>
         <run_address>0x672f</run_address>
         <size>0x16b</size>
         <input_file_ref idref="fl-3e"/>
      </object_component>
      <object_component id="oc-321">
         <name>.debug_info</name>
         <load_address>0x689a</load_address>
         <run_address>0x689a</run_address>
         <size>0x21b</size>
         <input_file_ref idref="fl-3e"/>
      </object_component>
      <object_component id="oc-374">
         <name>.debug_info</name>
         <load_address>0x6ab5</load_address>
         <run_address>0x6ab5</run_address>
         <size>0x94</size>
         <input_file_ref idref="fl-3e"/>
      </object_component>
      <object_component id="oc-33b">
         <name>.debug_info</name>
         <load_address>0x6b49</load_address>
         <run_address>0x6b49</run_address>
         <size>0x165</size>
         <input_file_ref idref="fl-3f"/>
      </object_component>
      <object_component id="oc-2b7">
         <name>.debug_info</name>
         <load_address>0x6cae</load_address>
         <run_address>0x6cae</run_address>
         <size>0x208</size>
         <input_file_ref idref="fl-3f"/>
      </object_component>
      <object_component id="oc-1e9">
         <name>.debug_info</name>
         <load_address>0x6eb6</load_address>
         <run_address>0x6eb6</run_address>
         <size>0x122</size>
         <input_file_ref idref="fl-40"/>
      </object_component>
      <object_component id="oc-12f">
         <name>.debug_info</name>
         <load_address>0x6fd8</load_address>
         <run_address>0x6fd8</run_address>
         <size>0x181</size>
         <input_file_ref idref="fl-43"/>
      </object_component>
      <object_component id="oc-d2">
         <name>.debug_info</name>
         <load_address>0x7159</load_address>
         <run_address>0x7159</run_address>
         <size>0x17a</size>
         <input_file_ref idref="fl-43"/>
      </object_component>
      <object_component id="oc-336">
         <name>.debug_info</name>
         <load_address>0x72d3</load_address>
         <run_address>0x72d3</run_address>
         <size>0x126</size>
         <input_file_ref idref="fl-44"/>
      </object_component>
      <object_component id="oc-bc">
         <name>.debug_info</name>
         <load_address>0x73f9</load_address>
         <run_address>0x73f9</run_address>
         <size>0x120</size>
         <input_file_ref idref="fl-45"/>
      </object_component>
      <object_component id="oc-36e">
         <name>.debug_info</name>
         <load_address>0x7519</load_address>
         <run_address>0x7519</run_address>
         <size>0x126</size>
         <input_file_ref idref="fl-46"/>
      </object_component>
      <object_component id="oc-329">
         <name>.debug_info</name>
         <load_address>0x763f</load_address>
         <run_address>0x763f</run_address>
         <size>0x193</size>
         <input_file_ref idref="fl-49"/>
      </object_component>
      <object_component id="oc-331">
         <name>.debug_info</name>
         <load_address>0x77d2</load_address>
         <run_address>0x77d2</run_address>
         <size>0x193</size>
         <input_file_ref idref="fl-4a"/>
      </object_component>
      <object_component id="oc-3db">
         <name>.debug_info</name>
         <load_address>0x7965</load_address>
         <run_address>0x7965</run_address>
         <size>0x99</size>
      </object_component>
      <object_component id="oc-302">
         <name>.debug_line</name>
         <load_address>0x0</load_address>
         <run_address>0x0</run_address>
         <size>0x5b</size>
         <input_file_ref idref="fl-2"/>
      </object_component>
      <object_component id="oc-22e">
         <name>.debug_line</name>
         <load_address>0x5b</load_address>
         <run_address>0x5b</run_address>
         <size>0x5c</size>
         <input_file_ref idref="fl-2"/>
      </object_component>
      <object_component id="oc-2a4">
         <name>.debug_line</name>
         <load_address>0xb7</load_address>
         <run_address>0xb7</run_address>
         <size>0x63</size>
         <input_file_ref idref="fl-2"/>
      </object_component>
      <object_component id="oc-188">
         <name>.debug_line</name>
         <load_address>0x11a</load_address>
         <run_address>0x11a</run_address>
         <size>0x47</size>
         <input_file_ref idref="fl-2"/>
      </object_component>
      <object_component id="oc-307">
         <name>.debug_line</name>
         <load_address>0x161</load_address>
         <run_address>0x161</run_address>
         <size>0x2c</size>
         <input_file_ref idref="fl-2"/>
      </object_component>
      <object_component id="oc-17e">
         <name>.debug_line</name>
         <load_address>0x18d</load_address>
         <run_address>0x18d</run_address>
         <size>0x72</size>
         <input_file_ref idref="fl-2"/>
      </object_component>
      <object_component id="oc-cd">
         <name>.debug_line</name>
         <load_address>0x1ff</load_address>
         <run_address>0x1ff</run_address>
         <size>0x20</size>
         <input_file_ref idref="fl-2"/>
      </object_component>
      <object_component id="oc-229">
         <name>.debug_line</name>
         <load_address>0x21f</load_address>
         <run_address>0x21f</run_address>
         <size>0x76</size>
         <input_file_ref idref="fl-2"/>
      </object_component>
      <object_component id="oc-179">
         <name>.debug_line</name>
         <load_address>0x295</load_address>
         <run_address>0x295</run_address>
         <size>0x73</size>
         <input_file_ref idref="fl-2"/>
      </object_component>
      <object_component id="oc-18e">
         <name>.debug_line</name>
         <load_address>0x308</load_address>
         <run_address>0x308</run_address>
         <size>0x4e</size>
         <input_file_ref idref="fl-3"/>
      </object_component>
      <object_component id="oc-1c4">
         <name>.debug_line</name>
         <load_address>0x356</load_address>
         <run_address>0x356</run_address>
         <size>0x4a</size>
         <input_file_ref idref="fl-3"/>
      </object_component>
      <object_component id="oc-235">
         <name>.debug_line</name>
         <load_address>0x3a0</load_address>
         <run_address>0x3a0</run_address>
         <size>0x94</size>
         <input_file_ref idref="fl-4"/>
      </object_component>
      <object_component id="oc-150">
         <name>.debug_line</name>
         <load_address>0x434</load_address>
         <run_address>0x434</run_address>
         <size>0x8f</size>
         <input_file_ref idref="fl-4"/>
      </object_component>
      <object_component id="oc-386">
         <name>.debug_line</name>
         <load_address>0x4c3</load_address>
         <run_address>0x4c3</run_address>
         <size>0x5b</size>
         <input_file_ref idref="fl-5"/>
      </object_component>
      <object_component id="oc-241">
         <name>.debug_line</name>
         <load_address>0x51e</load_address>
         <run_address>0x51e</run_address>
         <size>0x4f</size>
         <input_file_ref idref="fl-5"/>
      </object_component>
      <object_component id="oc-2c1">
         <name>.debug_line</name>
         <load_address>0x56d</load_address>
         <run_address>0x56d</run_address>
         <size>0x5a</size>
         <input_file_ref idref="fl-5"/>
      </object_component>
      <object_component id="oc-23b">
         <name>.debug_line</name>
         <load_address>0x5c7</load_address>
         <run_address>0x5c7</run_address>
         <size>0x50</size>
         <input_file_ref idref="fl-5"/>
      </object_component>
      <object_component id="oc-175">
         <name>.debug_line</name>
         <load_address>0x617</load_address>
         <run_address>0x617</run_address>
         <size>0x7b</size>
         <input_file_ref idref="fl-6"/>
      </object_component>
      <object_component id="oc-1cc">
         <name>.debug_line</name>
         <load_address>0x692</load_address>
         <run_address>0x692</run_address>
         <size>0x5c</size>
         <input_file_ref idref="fl-6"/>
      </object_component>
      <object_component id="oc-1b8">
         <name>.debug_line</name>
         <load_address>0x6ee</load_address>
         <run_address>0x6ee</run_address>
         <size>0x56</size>
         <input_file_ref idref="fl-6"/>
      </object_component>
      <object_component id="oc-1be">
         <name>.debug_line</name>
         <load_address>0x744</load_address>
         <run_address>0x744</run_address>
         <size>0x5b</size>
         <input_file_ref idref="fl-6"/>
      </object_component>
      <object_component id="oc-28a">
         <name>.debug_line</name>
         <load_address>0x79f</load_address>
         <run_address>0x79f</run_address>
         <size>0x49</size>
         <input_file_ref idref="fl-6"/>
      </object_component>
      <object_component id="oc-284">
         <name>.debug_line</name>
         <load_address>0x7e8</load_address>
         <run_address>0x7e8</run_address>
         <size>0x49</size>
         <input_file_ref idref="fl-6"/>
      </object_component>
      <object_component id="oc-2c8">
         <name>.debug_line</name>
         <load_address>0x831</load_address>
         <run_address>0x831</run_address>
         <size>0x48</size>
         <input_file_ref idref="fl-6"/>
      </object_component>
      <object_component id="oc-299">
         <name>.debug_line</name>
         <load_address>0x879</load_address>
         <run_address>0x879</run_address>
         <size>0x47</size>
         <input_file_ref idref="fl-6"/>
      </object_component>
      <object_component id="oc-1b2">
         <name>.debug_line</name>
         <load_address>0x8c0</load_address>
         <run_address>0x8c0</run_address>
         <size>0x4f</size>
         <input_file_ref idref="fl-6"/>
      </object_component>
      <object_component id="oc-292">
         <name>.debug_line</name>
         <load_address>0x90f</load_address>
         <run_address>0x90f</run_address>
         <size>0x4d</size>
         <input_file_ref idref="fl-6"/>
      </object_component>
      <object_component id="oc-1ac">
         <name>.debug_line</name>
         <load_address>0x95c</load_address>
         <run_address>0x95c</run_address>
         <size>0x4f</size>
         <input_file_ref idref="fl-6"/>
      </object_component>
      <object_component id="oc-258">
         <name>.debug_line</name>
         <load_address>0x9ab</load_address>
         <run_address>0x9ab</run_address>
         <size>0x4c</size>
         <input_file_ref idref="fl-6"/>
      </object_component>
      <object_component id="oc-24c">
         <name>.debug_line</name>
         <load_address>0x9f7</load_address>
         <run_address>0x9f7</run_address>
         <size>0x5b</size>
         <input_file_ref idref="fl-6"/>
      </object_component>
      <object_component id="oc-252">
         <name>.debug_line</name>
         <load_address>0xa52</load_address>
         <run_address>0xa52</run_address>
         <size>0x47</size>
         <input_file_ref idref="fl-6"/>
      </object_component>
      <object_component id="oc-1a0">
         <name>.debug_line</name>
         <load_address>0xa99</load_address>
         <run_address>0xa99</run_address>
         <size>0x5c</size>
         <input_file_ref idref="fl-6"/>
      </object_component>
      <object_component id="oc-25e">
         <name>.debug_line</name>
         <load_address>0xaf5</load_address>
         <run_address>0xaf5</run_address>
         <size>0x4c</size>
         <input_file_ref idref="fl-6"/>
      </object_component>
      <object_component id="oc-264">
         <name>.debug_line</name>
         <load_address>0xb41</load_address>
         <run_address>0xb41</run_address>
         <size>0x47</size>
         <input_file_ref idref="fl-6"/>
      </object_component>
      <object_component id="oc-27d">
         <name>.debug_line</name>
         <load_address>0xb88</load_address>
         <run_address>0xb88</run_address>
         <size>0x48</size>
         <input_file_ref idref="fl-6"/>
      </object_component>
      <object_component id="oc-271">
         <name>.debug_line</name>
         <load_address>0xbd0</load_address>
         <run_address>0xbd0</run_address>
         <size>0x48</size>
         <input_file_ref idref="fl-6"/>
      </object_component>
      <object_component id="oc-1a6">
         <name>.debug_line</name>
         <load_address>0xc18</load_address>
         <run_address>0xc18</run_address>
         <size>0x52</size>
         <input_file_ref idref="fl-6"/>
      </object_component>
      <object_component id="oc-1de">
         <name>.debug_line</name>
         <load_address>0xc6a</load_address>
         <run_address>0xc6a</run_address>
         <size>0x55</size>
         <input_file_ref idref="fl-6"/>
      </object_component>
      <object_component id="oc-246">
         <name>.debug_line</name>
         <load_address>0xcbf</load_address>
         <run_address>0xcbf</run_address>
         <size>0x48</size>
         <input_file_ref idref="fl-6"/>
      </object_component>
      <object_component id="oc-26b">
         <name>.debug_line</name>
         <load_address>0xd07</load_address>
         <run_address>0xd07</run_address>
         <size>0x4a</size>
         <input_file_ref idref="fl-6"/>
      </object_component>
      <object_component id="oc-277">
         <name>.debug_line</name>
         <load_address>0xd51</load_address>
         <run_address>0xd51</run_address>
         <size>0x48</size>
         <input_file_ref idref="fl-6"/>
      </object_component>
      <object_component id="oc-197">
         <name>.debug_line</name>
         <load_address>0xd99</load_address>
         <run_address>0xd99</run_address>
         <size>0x76</size>
         <input_file_ref idref="fl-6"/>
      </object_component>
      <object_component id="oc-1e4">
         <name>.debug_line</name>
         <load_address>0xe0f</load_address>
         <run_address>0xe0f</run_address>
         <size>0x46</size>
         <input_file_ref idref="fl-6"/>
      </object_component>
      <object_component id="oc-1d8">
         <name>.debug_line</name>
         <load_address>0xe55</load_address>
         <run_address>0xe55</run_address>
         <size>0x4d</size>
         <input_file_ref idref="fl-6"/>
      </object_component>
      <object_component id="oc-1cf">
         <name>.debug_line</name>
         <load_address>0xea2</load_address>
         <run_address>0xea2</run_address>
         <size>0x48</size>
         <input_file_ref idref="fl-6"/>
      </object_component>
      <object_component id="oc-e5">
         <name>.debug_line</name>
         <load_address>0xeea</load_address>
         <run_address>0xeea</run_address>
         <size>0x4b</size>
         <input_file_ref idref="fl-6"/>
      </object_component>
      <object_component id="oc-37d">
         <name>.debug_line</name>
         <load_address>0xf35</load_address>
         <run_address>0xf35</run_address>
         <size>0x4e</size>
         <input_file_ref idref="fl-21"/>
      </object_component>
      <object_component id="oc-2a6">
         <name>.debug_line</name>
         <load_address>0xf83</load_address>
         <run_address>0xf83</run_address>
         <size>0x4d</size>
         <input_file_ref idref="fl-22"/>
      </object_component>
      <object_component id="oc-30e">
         <name>.debug_line</name>
         <load_address>0xfd0</load_address>
         <run_address>0xfd0</run_address>
         <size>0x43</size>
         <input_file_ref idref="fl-23"/>
      </object_component>
      <object_component id="oc-c3">
         <name>.debug_line</name>
         <load_address>0x1013</load_address>
         <run_address>0x1013</run_address>
         <size>0x40</size>
         <input_file_ref idref="fl-24"/>
      </object_component>
      <object_component id="oc-dd">
         <name>.debug_line</name>
         <load_address>0x1053</load_address>
         <run_address>0x1053</run_address>
         <size>0x3d</size>
         <input_file_ref idref="fl-31"/>
      </object_component>
      <object_component id="oc-b6">
         <name>.debug_line</name>
         <load_address>0x1090</load_address>
         <run_address>0x1090</run_address>
         <size>0x4e</size>
         <input_file_ref idref="fl-32"/>
      </object_component>
      <object_component id="oc-124">
         <name>.debug_line</name>
         <load_address>0x10de</load_address>
         <run_address>0x10de</run_address>
         <size>0x2a</size>
         <input_file_ref idref="fl-33"/>
      </object_component>
      <object_component id="oc-fa">
         <name>.debug_line</name>
         <load_address>0x1108</load_address>
         <run_address>0x1108</run_address>
         <size>0x46</size>
         <input_file_ref idref="fl-33"/>
      </object_component>
      <object_component id="oc-355">
         <name>.debug_line</name>
         <load_address>0x114e</load_address>
         <run_address>0x114e</run_address>
         <size>0xbf</size>
         <input_file_ref idref="fl-34"/>
      </object_component>
      <object_component id="oc-1f8">
         <name>.debug_line</name>
         <load_address>0x120d</load_address>
         <run_address>0x120d</run_address>
         <size>0x76</size>
         <input_file_ref idref="fl-34"/>
      </object_component>
      <object_component id="oc-359">
         <name>.debug_line</name>
         <load_address>0x1283</load_address>
         <run_address>0x1283</run_address>
         <size>0x2e</size>
         <input_file_ref idref="fl-34"/>
      </object_component>
      <object_component id="oc-36a">
         <name>.debug_line</name>
         <load_address>0x12b1</load_address>
         <run_address>0x12b1</run_address>
         <size>0x9a</size>
         <input_file_ref idref="fl-34"/>
      </object_component>
      <object_component id="oc-2f5">
         <name>.debug_line</name>
         <load_address>0x134b</load_address>
         <run_address>0x134b</run_address>
         <size>0x97</size>
         <input_file_ref idref="fl-34"/>
      </object_component>
      <object_component id="oc-35e">
         <name>.debug_line</name>
         <load_address>0x13e2</load_address>
         <run_address>0x13e2</run_address>
         <size>0x93</size>
         <input_file_ref idref="fl-34"/>
      </object_component>
      <object_component id="oc-181">
         <name>.debug_line</name>
         <load_address>0x1475</load_address>
         <run_address>0x1475</run_address>
         <size>0x20</size>
         <input_file_ref idref="fl-35"/>
      </object_component>
      <object_component id="oc-eb">
         <name>.debug_line</name>
         <load_address>0x1495</load_address>
         <run_address>0x1495</run_address>
         <size>0x4f</size>
         <input_file_ref idref="fl-35"/>
      </object_component>
      <object_component id="oc-145">
         <name>.debug_line</name>
         <load_address>0x14e4</load_address>
         <run_address>0x14e4</run_address>
         <size>0x34</size>
         <input_file_ref idref="fl-35"/>
      </object_component>
      <object_component id="oc-133">
         <name>.debug_line</name>
         <load_address>0x1518</load_address>
         <run_address>0x1518</run_address>
         <size>0x92</size>
         <input_file_ref idref="fl-35"/>
      </object_component>
      <object_component id="oc-14e">
         <name>.debug_line</name>
         <load_address>0x15aa</load_address>
         <run_address>0x15aa</run_address>
         <size>0x3e</size>
         <input_file_ref idref="fl-38"/>
      </object_component>
      <object_component id="oc-2e5">
         <name>.debug_line</name>
         <load_address>0x15e8</load_address>
         <run_address>0x15e8</run_address>
         <size>0x3a</size>
         <input_file_ref idref="fl-39"/>
      </object_component>
      <object_component id="oc-381">
         <name>.debug_line</name>
         <load_address>0x1622</load_address>
         <run_address>0x1622</run_address>
         <size>0x20</size>
         <input_file_ref idref="fl-3c"/>
      </object_component>
      <object_component id="oc-2b5">
         <name>.debug_line</name>
         <load_address>0x1642</load_address>
         <run_address>0x1642</run_address>
         <size>0x17f</size>
         <input_file_ref idref="fl-3c"/>
      </object_component>
      <object_component id="oc-2af">
         <name>.debug_line</name>
         <load_address>0x17c1</load_address>
         <run_address>0x17c1</run_address>
         <size>0x3d</size>
         <input_file_ref idref="fl-3d"/>
      </object_component>
      <object_component id="oc-396">
         <name>.debug_line</name>
         <load_address>0x17fe</load_address>
         <run_address>0x17fe</run_address>
         <size>0x20</size>
         <input_file_ref idref="fl-3e"/>
      </object_component>
      <object_component id="oc-324">
         <name>.debug_line</name>
         <load_address>0x181e</load_address>
         <run_address>0x181e</run_address>
         <size>0x81</size>
         <input_file_ref idref="fl-3e"/>
      </object_component>
      <object_component id="oc-377">
         <name>.debug_line</name>
         <load_address>0x189f</load_address>
         <run_address>0x189f</run_address>
         <size>0x2e</size>
         <input_file_ref idref="fl-3e"/>
      </object_component>
      <object_component id="oc-384">
         <name>.debug_line</name>
         <load_address>0x18cd</load_address>
         <run_address>0x18cd</run_address>
         <size>0x20</size>
         <input_file_ref idref="fl-3f"/>
      </object_component>
      <object_component id="oc-2ba">
         <name>.debug_line</name>
         <load_address>0x18ed</load_address>
         <run_address>0x18ed</run_address>
         <size>0x74</size>
         <input_file_ref idref="fl-3f"/>
      </object_component>
      <object_component id="oc-1e8">
         <name>.debug_line</name>
         <load_address>0x1961</load_address>
         <run_address>0x1961</run_address>
         <size>0x3d</size>
         <input_file_ref idref="fl-40"/>
      </object_component>
      <object_component id="oc-173">
         <name>.debug_line</name>
         <load_address>0x199e</load_address>
         <run_address>0x199e</run_address>
         <size>0x20</size>
         <input_file_ref idref="fl-43"/>
      </object_component>
      <object_component id="oc-d4">
         <name>.debug_line</name>
         <load_address>0x19be</load_address>
         <run_address>0x19be</run_address>
         <size>0x42</size>
         <input_file_ref idref="fl-43"/>
      </object_component>
      <object_component id="oc-339">
         <name>.debug_line</name>
         <load_address>0x1a00</load_address>
         <run_address>0x1a00</run_address>
         <size>0x56</size>
         <input_file_ref idref="fl-44"/>
      </object_component>
      <object_component id="oc-bb">
         <name>.debug_line</name>
         <load_address>0x1a56</load_address>
         <run_address>0x1a56</run_address>
         <size>0x5e</size>
         <input_file_ref idref="fl-45"/>
      </object_component>
      <object_component id="oc-371">
         <name>.debug_line</name>
         <load_address>0x1ab4</load_address>
         <run_address>0x1ab4</run_address>
         <size>0x65</size>
         <input_file_ref idref="fl-46"/>
      </object_component>
      <object_component id="oc-32c">
         <name>.debug_line</name>
         <load_address>0x1b19</load_address>
         <run_address>0x1b19</run_address>
         <size>0x53</size>
         <input_file_ref idref="fl-49"/>
      </object_component>
      <object_component id="oc-32e">
         <name>.debug_line</name>
         <load_address>0x1b6c</load_address>
         <run_address>0x1b6c</run_address>
         <size>0x53</size>
         <input_file_ref idref="fl-4a"/>
      </object_component>
      <object_component id="oc-22f">
         <name>.debug_frame</name>
         <load_address>0x0</load_address>
         <run_address>0x0</run_address>
         <size>0x3c</size>
         <input_file_ref idref="fl-2"/>
      </object_component>
      <object_component id="oc-2a3">
         <name>.debug_frame</name>
         <load_address>0x3c</load_address>
         <run_address>0x3c</run_address>
         <size>0x40</size>
         <input_file_ref idref="fl-2"/>
      </object_component>
      <object_component id="oc-187">
         <name>.debug_frame</name>
         <load_address>0x7c</load_address>
         <run_address>0x7c</run_address>
         <size>0x3c</size>
         <input_file_ref idref="fl-2"/>
      </object_component>
      <object_component id="oc-18d">
         <name>.debug_frame</name>
         <load_address>0xb8</load_address>
         <run_address>0xb8</run_address>
         <size>0x40</size>
         <input_file_ref idref="fl-3"/>
      </object_component>
      <object_component id="oc-1c5">
         <name>.debug_frame</name>
         <load_address>0xf8</load_address>
         <run_address>0xf8</run_address>
         <size>0x50</size>
         <input_file_ref idref="fl-3"/>
      </object_component>
      <object_component id="oc-154">
         <name>.debug_frame</name>
         <load_address>0x148</load_address>
         <run_address>0x148</run_address>
         <size>0x40</size>
         <input_file_ref idref="fl-4"/>
      </object_component>
      <object_component id="oc-23e">
         <name>.debug_frame</name>
         <load_address>0x188</load_address>
         <run_address>0x188</run_address>
         <size>0x3c</size>
         <input_file_ref idref="fl-5"/>
      </object_component>
      <object_component id="oc-2c2">
         <name>.debug_frame</name>
         <load_address>0x1c4</load_address>
         <run_address>0x1c4</run_address>
         <size>0x40</size>
         <input_file_ref idref="fl-5"/>
      </object_component>
      <object_component id="oc-238">
         <name>.debug_frame</name>
         <load_address>0x204</load_address>
         <run_address>0x204</run_address>
         <size>0x3c</size>
[...]
      </symbol>
      <symbol id="sm-23e">
         <name>msprf24_get_irq_reason</name>
         <value>0xd122</value>
         <object_component_ref idref="oc-1d4"/>
      </symbol>
      <symbol id="sm-23f">
         <name>pulse_ce</name>
         <value>0xd3da</value>
         <object_component_ref idref="oc-2c4"/>
      </symbol>
      <symbol id="sm-240">
         <name>msprf24_set_retransmit_count</name>
         <value>0xd316</value>
         <object_component_ref idref="oc-24e"/>
      </symbol>
      <symbol id="sm-248">
         <name>__mspabi_srai</name>
         <value>0xd1ac</value>
         <object_component_ref idref="oc-379"/>
      </symbol>
      <symbol id="sm-249">
         <name>__mspabi_srai_8</name>
         <value>0xd1c6</value>
         <object_component_ref idref="oc-379"/>
      </symbol>
      <symbol id="sm-24a">
         <name>__mspabi_srai_9</name>
         <value>0xd1c4</value>
         <object_component_ref idref="oc-379"/>
      </symbol>
      <symbol id="sm-24b">
         <name>__mspabi_srai_6</name>
         <value>0xd1ca</value>
         <object_component_ref idref="oc-379"/>
      </symbol>
      <symbol id="sm-24c">
         <name>__mspabi_srai_7</name>
         <value>0xd1c8</value>
         <object_component_ref idref="oc-379"/>
      </symbol>
      <symbol id="sm-24d">
         <name>__mspabi_srai_4</name>
         <value>0xd1ce</value>
         <object_component_ref idref="oc-379"/>
      </symbol>
      <symbol id="sm-24e">
         <name>__mspabi_srai_5</name>
         <value>0xd1cc</value>
         <object_component_ref idref="oc-379"/>
      </symbol>
      <symbol id="sm-24f">
         <name>__mspabi_srai_2</name>
         <value>0xd1d2</value>
         <object_component_ref idref="oc-379"/>
      </symbol>
      <symbol id="sm-250">
         <name>__mspabi_srai_3</name>
         <value>0xd1d0</value>
         <object_component_ref idref="oc-379"/>
      </symbol>
      <symbol id="sm-251">
         <name>__mspabi_srai_1</name>
         <value>0xd1d4</value>
         <object_component_ref idref="oc-379"/>
      </symbol>
      <symbol id="sm-252">
         <name>__mspabi_srai_15</name>
         <value>0xd1b8</value>
         <object_component_ref idref="oc-379"/>
      </symbol>
      <symbol id="sm-253">
         <name>__mspabi_srai_14</name>
         <value>0xd1ba</value>
         <object_component_ref idref="oc-379"/>
      </symbol>
      <symbol id="sm-254">
         <name>__mspabi_srai_13</name>
         <value>0xd1bc</value>
         <object_component_ref idref="oc-379"/>
      </symbol>
      <symbol id="sm-255">
         <name>__mspabi_srai_12</name>
         <value>0xd1be</value>
         <object_component_ref idref="oc-379"/>
      </symbol>
      <symbol id="sm-256">
         <name>__mspabi_srai_11</name>
         <value>0xd1c0</value>
         <object_component_ref idref="oc-379"/>
      </symbol>
      <symbol id="sm-257">
         <name>__mspabi_srai_10</name>
         <value>0xd1c2</value>
         <object_component_ref idref="oc-379"/>
      </symbol>
      <symbol id="sm-263">
         <name>__mspabi_remi</name>
         <value>0xd1d8</value>
         <object_component_ref idref="oc-2a5"/>
      </symbol>
      <symbol id="sm-264">
         <name>__mspabi_divi</name>
         <value>0xd1d8</value>
         <object_component_ref idref="oc-2a5"/>
      </symbol>
      <symbol id="sm-26e">
         <name>__mspabi_remu</name>
         <value>0xd434</value>
         <object_component_ref idref="oc-30c"/>
      </symbol>
      <symbol id="sm-26f">
         <name>__mspabi_divu</name>
         <value>0xd434</value>
         <object_component_ref idref="oc-30c"/>
      </symbol>
      <symbol id="sm-278">
         <name>__mspabi_func_epilog_2</name>
         <value>0xd47a</value>
         <object_component_ref idref="oc-bf"/>
      </symbol>
      <symbol id="sm-279">
         <name>__mspabi_func_epilog_3</name>
         <value>0xd478</value>
         <object_component_ref idref="oc-bf"/>
      </symbol>
      <symbol id="sm-27a">
         <name>__mspabi_func_epilog_1</name>
         <value>0xd47c</value>
         <object_component_ref idref="oc-bf"/>
      </symbol>
      <symbol id="sm-27b">
         <name>__mspabi_func_epilog_6</name>
         <value>0xd472</value>
         <object_component_ref idref="oc-bf"/>
      </symbol>
      <symbol id="sm-27c">
         <name>__mspabi_func_epilog_7</name>
         <value>0xd470</value>
         <object_component_ref idref="oc-bf"/>
      </symbol>
      <symbol id="sm-27d">
         <name>__mspabi_func_epilog_4</name>
         <value>0xd476</value>
         <object_component_ref idref="oc-bf"/>
      </symbol>
      <symbol id="sm-27e">
         <name>__mspabi_func_epilog_5</name>
         <value>0xd474</value>
         <object_component_ref idref="oc-bf"/>
      </symbol>
      <symbol id="sm-281">
         <name>__TI_int00</name>
         <value>0xffe0</value>
         <object_component_ref idref="oc-40"/>
      </symbol>
      <symbol id="sm-284">
         <name>__TI_int02</name>
         <value>0xffe4</value>
         <object_component_ref idref="oc-41"/>
      </symbol>
      <symbol id="sm-287">
         <name>__TI_int05</name>
         <value>0xffea</value>
         <object_component_ref idref="oc-43"/>
      </symbol>
      <symbol id="sm-28a">
         <name>__TI_int06</name>
         <value>0xffec</value>
         <object_component_ref idref="oc-44"/>
      </symbol>
      <symbol id="sm-28d">
         <name>__TI_int07</name>
         <value>0xffee</value>
         <object_component_ref idref="oc-45"/>
      </symbol>
      <symbol id="sm-290">
         <name>__TI_int08</name>
         <value>0xfff0</value>
         <object_component_ref idref="oc-46"/>
      </symbol>
      <symbol id="sm-293">
         <name>__TI_int09</name>
         <value>0xfff2</value>
         <object_component_ref idref="oc-47"/>
      </symbol>
      <symbol id="sm-296">
         <name>__TI_int10</name>
         <value>0xfff4</value>
         <object_component_ref idref="oc-48"/>
      </symbol>
      <symbol id="sm-299">
         <name>__TI_int11</name>
         <value>0xfff6</value>
         <object_component_ref idref="oc-49"/>
      </symbol>
      <symbol id="sm-29c">
         <name>__TI_int12</name>
         <value>0xfff8</value>
         <object_component_ref idref="oc-4a"/>
      </symbol>
      <symbol id="sm-29f">
         <name>__TI_int13</name>
         <value>0xfffa</value>
         <object_component_ref idref="oc-4b"/>
      </symbol>
      <symbol id="sm-2a2">
         <name>__TI_int14</name>
         <value>0xfffc</value>
         <object_component_ref idref="oc-4c"/>
      </symbol>
      <symbol id="sm-2aa">
         <name>__TI_ISR_TRAP</name>
         <value>0xd4aa</value>
         <object_component_ref idref="oc-dc"/>
      </symbol>
      <symbol id="sm-2b2">
         <name>__mspabi_slli</name>
         <value>0xd204</value>
         <object_component_ref idref="oc-b5"/>
      </symbol>
      <symbol id="sm-2b3">
         <name>__mspabi_slli_9</name>
         <value>0xd21c</value>
         <object_component_ref idref="oc-b5"/>
      </symbol>
      <symbol id="sm-2b4">
         <name>__mspabi_slli_8</name>
         <value>0xd21e</value>
         <object_component_ref idref="oc-b5"/>
      </symbol>
      <symbol id="sm-2b5">
         <name>__mspabi_slli_7</name>
         <value>0xd220</value>
         <object_component_ref idref="oc-b5"/>
      </symbol>
      <symbol id="sm-2b6">
         <name>__mspabi_slli_6</name>
         <value>0xd222</value>
         <object_component_ref idref="oc-b5"/>
      </symbol>
      <symbol id="sm-2b7">
         <name>__mspabi_slli_5</name>
         <value>0xd224</value>
         <object_component_ref idref="oc-b5"/>
      </symbol>
      <symbol id="sm-2b8">
         <name>__mspabi_slli_4</name>
         <value>0xd226</value>
         <object_component_ref idref="oc-b5"/>
      </symbol>
      <symbol id="sm-2b9">
         <name>__mspabi_slli_3</name>
         <value>0xd228</value>
         <object_component_ref idref="oc-b5"/>
      </symbol>
      <symbol id="sm-2ba">
         <name>__mspabi_slli_2</name>
         <value>0xd22a</value>
         <object_component_ref idref="oc-b5"/>
      </symbol>
      <symbol id="sm-2bb">
         <name>__mspabi_slli_1</name>
         <value>0xd22c</value>
         <object_component_ref idref="oc-b5"/>
      </symbol>
      <symbol id="sm-2bc">
         <name>__mspabi_slli_15</name>
         <value>0xd210</value>
         <object_component_ref idref="oc-b5"/>
      </symbol>
      <symbol id="sm-2bd">
         <name>__mspabi_slli_14</name>
         <value>0xd212</value>
         <object_component_ref idref="oc-b5"/>
      </symbol>
      <symbol id="sm-2be">
         <name>__mspabi_slli_13</name>
         <value>0xd214</value>
         <object_component_ref idref="oc-b5"/>
      </symbol>
      <symbol id="sm-2bf">
         <name>__mspabi_slli_12</name>
         <value>0xd216</value>
         <object_component_ref idref="oc-b5"/>
      </symbol>
      <symbol id="sm-2c0">
         <name>__mspabi_slli_11</name>
         <value>0xd218</value>
         <object_component_ref idref="oc-b5"/>
      </symbol>
      <symbol id="sm-2c1">
         <name>__mspabi_slli_10</name>
         <value>0xd21a</value>
         <object_component_ref idref="oc-b5"/>
      </symbol>
      <symbol id="sm-2d1">
         <name>_stack</name>
         <value>0x3b0</value>
         <object_component_ref idref="oc-b1"/>
      </symbol>
      <symbol id="sm-2d2">
         <name>_c_int00_noargs</name>
         <value>0xd356</value>
         <object_component_ref idref="oc-f9"/>
      </symbol>
      <symbol id="sm-2d3">
         <name>_reset_vector</name>
         <value>0xfffe</value>
         <object_component_ref idref="oc-b4"/>
      </symbol>
      <symbol id="sm-2f5">
         <name>__TI_auto_init_nobinit_nopinit</name>
         <value>0xd002</value>
         <object_component_ref idref="oc-1f3"/>
      </symbol>
      <symbol id="sm-30d">
         <name>__TI_zero_init_nomemset</name>
         <value>0xd44a</value>
         <object_component_ref idref="oc-e7"/>
      </symbol>
      <symbol id="sm-318">
         <name>_system_pre_init</name>
         <value>0xd4b8</value>
         <object_component_ref idref="oc-149"/>
      </symbol>
      <symbol id="sm-321">
         <name>_system_post_cinit</name>
         <value>0xd4bc</value>
         <object_component_ref idref="oc-2e0"/>
      </symbol>
      <symbol id="sm-35d">
         <name>__mspabi_addd</name>
         <value>0xc000</value>
         <object_component_ref idref="oc-2b0"/>
      </symbol>
      <symbol id="sm-366">
         <name>__mspabi_fltid</name>
         <value>0xd49e</value>
         <object_component_ref idref="oc-2aa"/>
      </symbol>
      <symbol id="sm-382">
         <name>__mspabi_fltlid</name>
         <value>0xc954</value>
         <object_component_ref idref="oc-320"/>
      </symbol>
      <symbol id="sm-397">
         <name>__mspabi_cvtdf</name>
         <value>0xc8a0</value>
         <object_component_ref idref="oc-2b6"/>
      </symbol>
      <symbol id="sm-3a1">
         <name>C$$EXIT</name>
         <value>0xd4b2</value>
         <object_component_ref idref="oc-1e7"/>
      </symbol>
      <symbol id="sm-3a2">
         <name>abort</name>
         <value>0xd4b2</value>
         <object_component_ref idref="oc-1e7"/>
      </symbol>
      <symbol id="sm-3b2">
         <name>memcpy</name>
         <value>0xd45e</value>
         <object_component_ref idref="oc-cf"/>
      </symbol>
      <symbol id="sm-3ba">
         <name>__mspabi_slll_9</name>
         <value>0xd05c</value>
         <object_component_ref idref="oc-335"/>
      </symbol>
      <symbol id="sm-3bb">
         <name>__mspabi_slll_8</name>
         <value>0xd060</value>
         <object_component_ref idref="oc-335"/>
      </symbol>
      <symbol id="sm-3bc">
         <name>__mspabi_slll_7</name>
         <value>0xd064</value>
         <object_component_ref idref="oc-335"/>
      </symbol>
      <symbol id="sm-3bd">
         <name>__mspabi_slll_6</name>
         <value>0xd068</value>
         <object_component_ref idref="oc-335"/>
      </symbol>
      <symbol id="sm-3be">
         <name>__mspabi_slll_5</name>
         <value>0xd06c</value>
         <object_component_ref idref="oc-335"/>
      </symbol>
      <symbol id="sm-3bf">
         <name>__mspabi_slll_4</name>
         <value>0xd070</value>
         <object_component_ref idref="oc-335"/>
      </symbol>
      <symbol id="sm-3c0">
         <name>__mspabi_slll_3</name>
         <value>0xd074</value>
         <object_component_ref idref="oc-335"/>
      </symbol>
      <symbol id="sm-3c1">
         <name>__mspabi_slll_2</name>
         <value>0xd078</value>
         <object_component_ref idref="oc-335"/>
      </symbol>
      <symbol id="sm-3c2">
         <name>__mspabi_slll_1</name>
         <value>0xd07c</value>
         <object_component_ref idref="oc-335"/>
      </symbol>
      <symbol id="sm-3c3">
         <name>__mspabi_slll_15</name>
         <value>0xd044</value>
         <object_component_ref idref="oc-335"/>
      </symbol>
      <symbol id="sm-3c4">
         <name>__mspabi_slll_14</name>
         <value>0xd048</value>
         <object_component_ref idref="oc-335"/>
      </symbol>
      <symbol id="sm-3c5">
         <name>__mspabi_slll_13</name>
         <value>0xd04c</value>
         <object_component_ref idref="oc-335"/>
      </symbol>
      <symbol id="sm-3c6">
         <name>__mspabi_slll_12</name>
         <value>0xd050</value>
         <object_component_ref idref="oc-335"/>
      </symbol>
      <symbol id="sm-3c7">
         <name>__mspabi_slll_11</name>
         <value>0xd054</value>
         <object_component_ref idref="oc-335"/>
      </symbol>
      <symbol id="sm-3c8">
         <name>__mspabi_slll_10</name>
         <value>0xd058</value>
         <object_component_ref idref="oc-335"/>
      </symbol>
      <symbol id="sm-3d0">
         <name>__mspabi_srli_8</name>
         <value>0xcf52</value>
         <object_component_ref idref="oc-ba"/>
      </symbol>
      <symbol id="sm-3d1">
         <name>__mspabi_srli_9</name>
         <value>0xcf4e</value>
         <object_component_ref idref="oc-ba"/>
      </symbol>
      <symbol id="sm-3d2">
         <name>__mspabi_srli_6</name>
         <value>0xcf5a</value>
         <object_component_ref idref="oc-ba"/>
      </symbol>
      <symbol id="sm-3d3">
         <name>__mspabi_srli_7</name>
         <value>0xcf56</value>
         <object_component_ref idref="oc-ba"/>
      </symbol>
      <symbol id="sm-3d4">
         <name>__mspabi_srli_4</name>
         <value>0xcf62</value>
         <object_component_ref idref="oc-ba"/>
      </symbol>
      <symbol id="sm-3d5">
         <name>__mspabi_srli_5</name>
         <value>0xcf5e</value>
         <object_component_ref idref="oc-ba"/>
      </symbol>
      <symbol id="sm-3d6">
         <name>__mspabi_srli_2</name>
         <value>0xcf6a</value>
         <object_component_ref idref="oc-ba"/>
      </symbol>
      <symbol id="sm-3d7">
         <name>__mspabi_srli_3</name>
         <value>0xcf66</value>
         <object_component_ref idref="oc-ba"/>
      </symbol>
      <symbol id="sm-3d8">
         <name>__mspabi_srli_1</name>
         <value>0xcf6e</value>
         <object_component_ref idref="oc-ba"/>
      </symbol>
      <symbol id="sm-3d9">
         <name>__mspabi_srli</name>
         <value>0xcf28</value>
         <object_component_ref idref="oc-ba"/>
      </symbol>
      <symbol id="sm-3da">
         <name>__mspabi_srli_15</name>
         <value>0xcf36</value>
         <object_component_ref idref="oc-ba"/>
      </symbol>
      <symbol id="sm-3db">
         <name>__mspabi_srli_14</name>
         <value>0xcf3a</value>
         <object_component_ref idref="oc-ba"/>
      </symbol>
      <symbol id="sm-3dc">
         <name>__mspabi_srli_13</name>
         <value>0xcf3e</value>
         <object_component_ref idref="oc-ba"/>
      </symbol>
      <symbol id="sm-3dd">
         <name>__mspabi_srli_12</name>
         <value>0xcf42</value>
         <object_component_ref idref="oc-ba"/>
      </symbol>
      <symbol id="sm-3de">
         <name>__mspabi_srli_11</name>
         <value>0xcf46</value>
         <object_component_ref idref="oc-ba"/>
      </symbol>
      <symbol id="sm-3df">
         <name>__mspabi_srli_10</name>
         <value>0xcf4a</value>
         <object_component_ref idref="oc-ba"/>
      </symbol>
      <symbol id="sm-3e7">
         <name>__mspabi_srll_8</name>
         <value>0xccf0</value>
         <object_component_ref idref="oc-36d"/>
      </symbol>
      <symbol id="sm-3e8">
         <name>__mspabi_srll_9</name>
         <value>0xccea</value>
         <object_component_ref idref="oc-36d"/>
      </symbol>
      <symbol id="sm-3e9">
         <name>__mspabi_srll_6</name>
         <value>0xccfc</value>
         <object_component_ref idref="oc-36d"/>
      </symbol>
      <symbol id="sm-3ea">
         <name>__mspabi_srll_7</name>
         <value>0xccf6</value>
         <object_component_ref idref="oc-36d"/>
      </symbol>
      <symbol id="sm-3eb">
         <name>__mspabi_srll_4</name>
         <value>0xcd08</value>
         <object_component_ref idref="oc-36d"/>
      </symbol>
      <symbol id="sm-3ec">
         <name>__mspabi_srll_5</name>
         <value>0xcd02</value>
         <object_component_ref idref="oc-36d"/>
      </symbol>
      <symbol id="sm-3ed">
         <name>__mspabi_srll_2</name>
         <value>0xcd14</value>
         <object_component_ref idref="oc-36d"/>
      </symbol>
      <symbol id="sm-3ee">
         <name>__mspabi_srll_3</name>
         <value>0xcd0e</value>
         <object_component_ref idref="oc-36d"/>
      </symbol>
      <symbol id="sm-3ef">
         <name>__mspabi_srll_1</name>
         <value>0xcd1a</value>
         <object_component_ref idref="oc-36d"/>
      </symbol>
      <symbol id="sm-3f0">
         <name>__mspabi_srll_15</name>
         <value>0xccc6</value>
         <object_component_ref idref="oc-36d"/>
      </symbol>
      <symbol id="sm-3f1">
         <name>__mspabi_srll_14</name>
         <value>0xcccc</value>
         <object_component_ref idref="oc-36d"/>
      </symbol>
      <symbol id="sm-3f2">
         <name>__mspabi_srll_13</name>
         <value>0xccd2</value>
         <object_component_ref idref="oc-36d"/>
      </symbol>
      <symbol id="sm-3f3">
         <name>__mspabi_srll_12</name>
         <value>0xccd8</value>
         <object_component_ref idref="oc-36d"/>
      </symbol>
      <symbol id="sm-3f4">
         <name>__mspabi_srll_11</name>
         <value>0xccde</value>
         <object_component_ref idref="oc-36d"/>
      </symbol>
      <symbol id="sm-3f5">
         <name>__mspabi_srll_10</name>
         <value>0xcce4</value>
         <object_component_ref idref="oc-36d"/>
      </symbol>
      <symbol id="sm-404">
         <name>__mspabi_srall</name>
         <value>0xcf74</value>
         <object_component_ref idref="oc-327"/>
      </symbol>
      <symbol id="sm-411">
         <name>__mspabi_sllll</name>
         <value>0xcfbe</value>
         <object_component_ref idref="oc-32d"/>
      </symbol>
   </symbol_table>
   <title>Link successful</title>
</link_info>
