******************************************************************************
                  MSP430 Linker PC v21.6.0                     
******************************************************************************
>> Linked Mon Jan  9 16:33:28 2023

OUTPUT FILE NAME:   <Project_2nd_Node.out>
ENTRY POINT SYMBOL: "_c_int00_noargs"  address: 0000ccf8


MEMORY CONFIGURATION

         name            origin    length      used     unused   attr    fill
----------------------  --------  ---------  --------  --------  ----  --------
  SFR                   00000000   00000010  00000000  00000010  RWIX
  PERIPHERALS_8BIT      00000010   000000f0  00000000  000000f0  RWIX
  PERIPHERALS_16BIT     00000100   00000100  00000000  00000100  RWIX
  RAM                   00000200   00000200  0000007f  00000181  RWIX
  INFOD                 00001000   00000040  00000000  00000040  RWIX
  INFOC                 00001040   00000040  00000000  00000040  RWIX
  INFOB                 00001080   00000040  00000000  00000040  RWIX
  INFOA                 000010c0   00000040  00000000  00000040  RWIX
  FLASH                 0000c000   00003fde  000010c9  00002f15  RWIX
  BSLSIGNATURE          0000ffde   00000002  00000002  00000000  RWIX  ffff 
  INT00                 0000ffe0   00000002  00000002  00000000  RWIX
  INT01                 0000ffe2   00000002  00000000  00000002  RWIX
  INT02                 0000ffe4   00000002  00000002  00000000  RWIX
  INT03                 0000ffe6   00000002  00000002  00000000  RWIX
  INT04                 0000ffe8   00000002  00000000  00000002  RWIX
  INT05                 0000ffea   00000002  00000002  00000000  RWIX
  INT06                 0000ffec   00000002  00000002  00000000  RWIX
  INT07                 0000ffee   00000002  00000002  00000000  RWIX
  INT08                 0000fff0   00000002  00000002  00000000  RWIX
  INT09                 0000fff2   00000002  00000002  00000000  RWIX
  INT10                 0000fff4   00000002  00000002  00000000  RWIX
  INT11                 0000fff6   00000002  00000002  00000000  RWIX
  INT12                 0000fff8   00000002  00000002  00000000  RWIX
  INT13                 0000fffa   00000002  00000002  00000000  RWIX
  INT14                 0000fffc   00000002  00000002  00000000  RWIX
  RESET                 0000fffe   00000002  00000002  00000000  RWIX


SECTION ALLOCATION MAP

 output                                  attributes/
section   page    origin      length       input sections
--------  ----  ----------  ----------   ----------------
.bss       0    00000200    0000002f     UNINITIALIZED
                  00000200    00000020     (.common:buf)
                  00000220    00000006     (.common:addr)
                  00000226    00000002     (.common:user)
                  00000228    00000001     (.common:rf_addr_width)
                  00000229    00000001     (.common:rf_channel)
                  0000022a    00000001     (.common:rf_crc)
                  0000022b    00000001     (.common:rf_feature)
                  0000022c    00000001     (.common:rf_irq)
                  0000022d    00000001     (.common:rf_speed_power)
                  0000022e    00000001     (.common:rf_status)

.stack     0    000003b0    00000050     UNINITIALIZED
                  000003b0    00000002     rts430_eabi.lib : boot.c.obj (.stack)
                  000003b2    0000004e     --HOLE--

.text      0    0000c000    00000ea4     
                  0000c000    0000023c     aes.obj (.text:InvMixColumns)
                  0000c23c    00000150     aes.obj (.text:KeyExpansion)
                  0000c38c    000000ce     main.obj (.text:main)
                  0000c45a    00000094     msprf24.obj (.text:msprf24_init)
                  0000c4ee    00000074     msprf24.obj (.text:r_rx_payload)
                  0000c562    0000006a     main.obj (.text:configure_rx)
                  0000c5cc    0000006a     msprf24.obj (.text:msprf24_set_pipe_packetsize)
                  0000c636    00000062     msprf24.obj (.text:msprf24_set_retransmit_delay)
                  0000c698    00000062     msprf24.obj (.text:w_tx_payload)
                  0000c6fa    0000005a     msprf24.obj (.text:msprf24_current_state)
                  0000c754    0000005a     msprf24.obj (.text:msprf24_open_pipe)
                  0000c7ae    00000058     main.obj (.text:configure_tx)
                  0000c806    00000058     msprf24.obj (.text:w_rx_addr)
                  0000c85e    00000052     aes.obj (.text:InvShiftRows)
                  0000c8b0    00000050     msprf24.obj (.text:msprf24_irq_clear)
                  0000c900    00000048     aes.obj (.text:AddRoundKey)
                  0000c948    00000042     rts430_eabi.lib : autoinit.c.obj (.text:__TI_auto_init_nobinit_nopinit:__TI_auto_init_nobinit_nopinit)
                  0000c98a    00000040     aes.obj (.text:InvCipher)
                  0000c9ca    0000003e     aes.obj (.text:InvSubBytes)
                  0000ca08    00000038     msprf24.obj (.text:w_tx_addr)
                  0000ca40    00000036     main.obj (.text:AES_128_ECB_decrypt)
                  0000ca76    00000036     msp430_spi.obj (.text:spi_transfer16)
                  0000caac    0000002e     msprf24.obj (.text:msprf24_get_irq_reason)
                  0000cada    0000002e     msprf24.obj (.text:msprf24_set_speed_power)
                  0000cb08    0000002e     msprf24.obj (.text:msprf24_standby)
                  0000cb36    0000002c     rts430_eabi.lib : asr16.asm.obj (.text)
                  0000cb62    0000002c                     : lsl16.asm.obj (.text)
                  0000cb8e    0000002a     msprf24.obj (.text:msprf24_set_config)
                  0000cbb8    00000026     msprf24.obj (.text:msprf24_rx_pending)
                  0000cbde    00000026     msprf24.obj (.text:r_reg)
                  0000cc04    00000026     msp430_spi.obj (.text:spi_init)
                  0000cc2a    00000026     msprf24.obj (.text:w_reg)
                  0000cc50    00000024     msprf24.obj (.text:msprf24_set_address_width)
                  0000cc74    00000022     msprf24.obj (.text:msprf24_activate_rx)
                  0000cc96    00000022     msprf24.obj (.text:msprf24_enable_feature)
                  0000ccb8    00000022     msprf24.obj (.text:msprf24_set_retransmit_count)
                  0000ccda    0000001e     msprf24.obj (.text:msprf24_set_channel)
                  0000ccf8    0000001c     rts430_eabi.lib : boot.c.obj (.text:_c_int00_noargs)
                  0000cd14    0000001c     msprf24.obj (.text:msprf24_close_pipe_all)
                  0000cd30    0000001c     msprf24.obj (.text:msprf24_is_alive)
                  0000cd4c    0000001a     aes.obj (.text:xtime)
                  0000cd66    00000018     msprf24.obj (.text:P2_IRQ)
                  0000cd7e    00000018     msprf24.obj (.text:msprf24_powerdown)
                  0000cd96    00000018     msprf24.obj (.text:pulse_ce)
                  0000cdae    00000016     msprf24.obj (.text:flush_rx)
                  0000cdc4    00000016     msprf24.obj (.text:flush_tx)
                  0000cdda    00000016     msprf24.obj (.text:msprf24_activate_tx)
                  0000cdf0    00000016     rts430_eabi.lib : div16u.asm.obj (.text)
                  0000ce06    00000014                     : copy_zero_init.c.obj (.text:decompress:ZI:__TI_zero_init_nomemset:__TI_zero_init_nomemset)
                  0000ce1a    00000012     main.obj (.text:Clock_init)
                  0000ce2c    00000012     rts430_eabi.lib : memcpy.c.obj (.text:memcpy)
                  0000ce3e    00000010                     : epilog.asm.obj (.text)
                  0000ce4e    00000010     msp430_spi.obj (.text:spi_transfer)
                  0000ce5e    0000000c     aes.obj (.text:AES_ECB_decrypt)
                  0000ce6a    0000000a     main.obj (.text:LED_init)
                  0000ce74    0000000a     msprf24.obj (.text:msprf24_queue_state)
                  0000ce7e    00000008     rts430_eabi.lib : isr_trap.asm.obj (.text:_isr:__TI_ISR_TRAP)
                  0000ce86    00000006     aes.obj (.text:AES_init_ctx)
                  0000ce8c    00000006     main.obj (.text:LED_Off)
                  0000ce92    00000006     main.obj (.text:LED_On)
                  0000ce98    00000006     rts430_eabi.lib : exit.c.obj (.text:abort)
                  0000ce9e    00000004                     : pre_init.c.obj (.text:_system_pre_init)
                  0000cea2    00000002                     : startup.c.obj (.text:_system_post_cinit)

.const     0    0000cea4    0000021b     
                  0000cea4    00000100     aes.obj (.const:.string:rsbox)
                  0000cfa4    00000100     aes.obj (.const:.string:sbox)
                  0000d0a4    00000010     main.obj (.const:.string:$P$T0$1)
                  0000d0b4    0000000b     aes.obj (.const:.string:Rcon)

.cinit     0    0000d0c0    0000000a     
                  0000d0c0    00000004     (.cinit..bss.load) [load image, compression = zero_init]
                  0000d0c4    00000002     (__TI_handler_table)
                  0000d0c6    00000004     (__TI_cinit_table)

.binit     0    0000c000    00000000     

.init_array 
*          0    0000c000    00000000     UNINITIALIZED

TRAPINT    0    0000ffe0    00000002     
                  0000ffe0    00000002     rts430_eabi.lib : int00.asm.obj (.int00)

PORT1      0    0000ffe4    00000002     
                  0000ffe4    00000002     rts430_eabi.lib : int02.asm.obj (.int02)

PORT2      0    0000ffe6    00000002     
                  0000ffe6    00000002     msprf24.obj (.int03)

ADC10      0    0000ffea    00000002     
                  0000ffea    00000002     rts430_eabi.lib : int05.asm.obj (.int05)

USCIAB0TX 
*          0    0000ffec    00000002     
                  0000ffec    00000002     rts430_eabi.lib : int06.asm.obj (.int06)

USCIAB0RX 
*          0    0000ffee    00000002     
                  0000ffee    00000002     rts430_eabi.lib : int07.asm.obj (.int07)

TIMER0_A1 
*          0    0000fff0    00000002     
                  0000fff0    00000002     rts430_eabi.lib : int08.asm.obj (.int08)

TIMER0_A0 
*          0    0000fff2    00000002     
                  0000fff2    00000002     rts430_eabi.lib : int09.asm.obj (.int09)

WDT        0    0000fff4    00000002     
                  0000fff4    00000002     rts430_eabi.lib : int10.asm.obj (.int10)

COMPARATORA 
*          0    0000fff6    00000002     
                  0000fff6    00000002     rts430_eabi.lib : int11.asm.obj (.int11)

TIMER1_A1 
*          0    0000fff8    00000002     
                  0000fff8    00000002     rts430_eabi.lib : int12.asm.obj (.int12)

TIMER1_A0 
*          0    0000fffa    00000002     
                  0000fffa    00000002     rts430_eabi.lib : int13.asm.obj (.int13)

NMI        0    0000fffc    00000002     
                  0000fffc    00000002     rts430_eabi.lib : int14.asm.obj (.int14)

.reset     0    0000fffe    00000002     
                  0000fffe    00000002     rts430_eabi.lib : boot.c.obj (.reset)

$fill000   0    0000ffde    00000002     
                  0000ffde    00000002     --HOLE-- [fill = ffff]

MODULE SUMMARY

       Module                 code   ro data   rw data
       ------                 ----   -------   -------
    .\
       aes.obj                1232   523       0      
       msprf24.obj            1636   2         7      
       main.obj               494    16        40     
       msp430_spi.obj         108    0         0      
    +--+----------------------+------+---------+---------+
       Total:                 3470   541       47     
                                                      
    C:\ti\ccs1210\ccs\tools\compiler\ti-cgt-msp430_21.6.0.LTS\lib\rts430_eabi.lib
       autoinit.c.obj         66     0         0      
       asr16.asm.obj          44     0         0      
       lsl16.asm.obj          44     0         0      
       boot.c.obj             28     2         0      
       div16u.asm.obj         22     0         0      
       copy_zero_init.c.obj   20     0         0      
       memcpy.c.obj           18     0         0      
       epilog.asm.obj         16     0         0      
       isr_trap.asm.obj       8      0         0      
       exit.c.obj             6      0         0      
       pre_init.c.obj         4      0         0      
       int00.asm.obj          0      2         0      
       int02.asm.obj          0      2         0      
       int05.asm.obj          0      2         0      
       int06.asm.obj          0      2         0      
       int07.asm.obj          0      2         0      
       int08.asm.obj          0      2         0      
       int09.asm.obj          0      2         0      
       int10.asm.obj          0      2         0      
       int11.asm.obj          0      2         0      
       int12.asm.obj          0      2         0      
       int13.asm.obj          0      2         0      
       int14.asm.obj          0      2         0      
       startup.c.obj          2      0         0      
    +--+----------------------+------+---------+---------+
       Total:                 278    26        0      
                                                      
       Stack:                 0      0         80     
       Linker Generated:      0      10        0      
    +--+----------------------+------+---------+---------+
       Grand Total:           3748   577       127    


LINKER GENERATED COPY TABLES

__TI_cinit_table @ 0000d0c6 records: 1, size/record: 4, table size: 4
	.bss: load addr=0000d0c0, load size=00000004 bytes, run addr=00000200, run size=0000002f bytes, compression=zero_init


LINKER GENERATED HANDLER TABLE

__TI_handler_table @ 0000d0c4 records: 1, size/record: 2, table size: 2
	index: 0, handler: __TI_zero_init


GLOBAL SYMBOLS: SORTED ALPHABETICALLY BY Name 

address   name                          
-------   ----                          
0000004a  ADC10AE0                      
000001b0  ADC10CTL0                     
000001b2  ADC10CTL1                     
00000048  ADC10DTC0                     
00000049  ADC10DTC1                     
000001b4  ADC10MEM                      
000001bc  ADC10SA                       
0000ca40  AES_128_ECB_decrypt           
0000ce5e  AES_ECB_decrypt               
0000ce86  AES_init_ctx                  
00000057  BCSCTL1                       
00000058  BCSCTL2                       
00000053  BCSCTL3                       
0000ce98  C$$EXIT                       
00000059  CACTL1                        
0000005a  CACTL2                        
000010fb  CALBC1_12MHZ                  
000010f9  CALBC1_16MHZ                  
000010ff  CALBC1_1MHZ                   
000010fd  CALBC1_8MHZ                   
000010fa  CALDCO_12MHZ                  
000010f8  CALDCO_16MHZ                  
000010fe  CALDCO_1MHZ                   
000010fc  CALDCO_8MHZ                   
0000005b  CAPD                          
0000ce1a  Clock_init                    
00000056  DCOCTL                        
00000128  FCTL1                         
0000012a  FCTL2                         
0000012c  FCTL3                         
00000000  IE1                           
00000001  IE2                           
00000002  IFG1                          
00000003  IFG2                          
0000ce8c  LED_Off                       
0000ce92  LED_On                        
0000ce6a  LED_init                      
00000022  P1DIR                         
00000025  P1IE                          
00000024  P1IES                         
00000023  P1IFG                         
00000020  P1IN                          
00000021  P1OUT                         
00000027  P1REN                         
00000026  P1SEL                         
00000041  P1SEL2                        
0000002a  P2DIR                         
0000002d  P2IE                          
0000002c  P2IES                         
0000002b  P2IFG                         
00000028  P2IN                          
00000029  P2OUT                         
0000002f  P2REN                         
0000002e  P2SEL                         
00000042  P2SEL2                        
0000cd66  P2_IRQ                        
0000001a  P3DIR                         
00000018  P3IN                          
00000019  P3OUT                         
00000010  P3REN                         
0000001b  P3SEL                         
00000043  P3SEL2                        
00000172  TA0CCR0                       
00000174  TA0CCR1                       
00000176  TA0CCR2                       
00000162  TA0CCTL0                      
00000164  TA0CCTL1                      
00000166  TA0CCTL2                      
00000160  TA0CTL                        
0000012e  TA0IV                         
00000170  TA0R                          
00000192  TA1CCR0                       
00000194  TA1CCR1                       
00000196  TA1CCR2                       
00000182  TA1CCTL0                      
00000184  TA1CCTL1                      
00000186  TA1CCTL2                      
00000180  TA1CTL                        
0000011e  TA1IV                         
00000190  TA1R                          
000010db  TLV_ADC10_1_LEN               
000010da  TLV_ADC10_1_TAG               
000010c0  TLV_CHECKSUM                  
000010f7  TLV_DCO_30_LEN                
000010f6  TLV_DCO_30_TAG                
0000005d  UCA0ABCTL                     
00000062  UCA0BR0                       
00000063  UCA0BR1                       
00000060  UCA0CTL0                      
00000061  UCA0CTL1                      
0000005f  UCA0IRRCTL                    
0000005e  UCA0IRTCTL                    
00000064  UCA0MCTL                      
00000066  UCA0RXBUF                     
00000065  UCA0STAT                      
00000067  UCA0TXBUF                     
0000006a  UCB0BR0                       
0000006b  UCB0BR1                       
00000068  UCB0CTL0                      
00000069  UCB0CTL1                      
0000006c  UCB0I2CIE                     
00000118  UCB0I2COA                     
0000011a  UCB0I2CSA                     
0000006e  UCB0RXBUF                     
0000006d  UCB0STAT                      
0000006f  UCB0TXBUF                     
00000120  WDTCTL                        
00000400  __STACK_END                   
00000050  __STACK_SIZE                  
0000d0c6  __TI_CINIT_Base               
0000d0ca  __TI_CINIT_Limit              
0000d0ca  __TI_CINIT_Warm               
0000d0c4  __TI_Handler_Table_Base       
0000d0c6  __TI_Handler_Table_Limit      
0000ce7e  __TI_ISR_TRAP                 
0000c948  __TI_auto_init_nobinit_nopinit
0000ffe0  __TI_int00                    
0000ffe4  __TI_int02                    
0000ffe6  __TI_int03                    
0000ffea  __TI_int05                    
0000ffec  __TI_int06                    
0000ffee  __TI_int07                    
0000fff0  __TI_int08                    
0000fff2  __TI_int09                    
0000fff4  __TI_int10                    
0000fff6  __TI_int11                    
0000fff8  __TI_int12                    
0000fffa  __TI_int13                    
0000fffc  __TI_int14                    
ffffffff  __TI_pprof_out_hndl           
ffffffff  __TI_prof_data_size           
ffffffff  __TI_prof_data_start          
0000ce06  __TI_zero_init_nomemset       
ffffffff  __c_args__                    
0000cdf0  __mspabi_divu                 
0000ce4a  __mspabi_func_epilog_1        
0000ce48  __mspabi_func_epilog_2        
0000ce46  __mspabi_func_epilog_3        
0000ce44  __mspabi_func_epilog_4        
0000ce42  __mspabi_func_epilog_5        
0000ce40  __mspabi_func_epilog_6        
0000ce3e  __mspabi_func_epilog_7        
0000cdf0  __mspabi_remu                 
0000cb62  __mspabi_slli                 
0000cb8a  __mspabi_slli_1               
0000cb78  __mspabi_slli_10              
0000cb76  __mspabi_slli_11              
0000cb74  __mspabi_slli_12              
0000cb72  __mspabi_slli_13              
0000cb70  __mspabi_slli_14              
0000cb6e  __mspabi_slli_15              
0000cb88  __mspabi_slli_2               
0000cb86  __mspabi_slli_3               
0000cb84  __mspabi_slli_4               
0000cb82  __mspabi_slli_5               
0000cb80  __mspabi_slli_6               
0000cb7e  __mspabi_slli_7               
0000cb7c  __mspabi_slli_8               
0000cb7a  __mspabi_slli_9               
0000cb36  __mspabi_srai                 
0000cb5e  __mspabi_srai_1               
0000cb4c  __mspabi_srai_10              
0000cb4a  __mspabi_srai_11              
0000cb48  __mspabi_srai_12              
0000cb46  __mspabi_srai_13              
0000cb44  __mspabi_srai_14              
0000cb42  __mspabi_srai_15              
0000cb5c  __mspabi_srai_2               
0000cb5a  __mspabi_srai_3               
0000cb58  __mspabi_srai_4               
0000cb56  __mspabi_srai_5               
0000cb54  __mspabi_srai_6               
0000cb52  __mspabi_srai_7               
0000cb50  __mspabi_srai_8               
0000cb4e  __mspabi_srai_9               
0000ccf8  _c_int00_noargs               
0000fffe  _reset_vector                 
000003b0  _stack                        
0000cea2  _system_post_cinit            
0000ce9e  _system_pre_init              
0000ce98  abort                         
00000220  addr                          
00000200  buf                           
0000c562  configure_rx                  
0000c7ae  configure_tx                  
0000cdae  flush_rx                      
0000cdc4  flush_tx                      
0000c38c  main                          
0000ce2c  memcpy                        
0000cc74  msprf24_activate_rx           
0000cdda  msprf24_activate_tx           
0000cd14  msprf24_close_pipe_all        
0000c6fa  msprf24_current_state         
0000cc96  msprf24_enable_feature        
0000caac  msprf24_get_irq_reason        
0000c45a  msprf24_init                  
0000c8b0  msprf24_irq_clear             
0000cd30  msprf24_is_alive              
0000c754  msprf24_open_pipe             
0000cd7e  msprf24_powerdown             
0000ce74  msprf24_queue_state           
0000cbb8  msprf24_rx_pending            
0000cc50  msprf24_set_address_width     
0000ccda  msprf24_set_channel           
0000cb8e  msprf24_set_config            
0000c5cc  msprf24_set_pipe_packetsize   
0000ccb8  msprf24_set_retransmit_count  
0000c636  msprf24_set_retransmit_delay  
0000cada  msprf24_set_speed_power       
0000cb08  msprf24_standby               
0000cd96  pulse_ce                      
0000cbde  r_reg                         
0000c4ee  r_rx_payload                  
00000228  rf_addr_width                 
00000229  rf_channel                    
0000022a  rf_crc                        
0000022b  rf_feature                    
0000022c  rf_irq                        
0000022d  rf_speed_power                
0000022e  rf_status                     
0000cc04  spi_init                      
0000ce4e  spi_transfer                  
0000ca76  spi_transfer16                
00000226  user                          
0000cc2a  w_reg                         
0000c806  w_rx_addr                     
0000ca08  w_tx_addr                     
0000c698  w_tx_payload                  


GLOBAL SYMBOLS: SORTED BY Symbol Address 

address   name                          
-------   ----                          
00000000  IE1                           
00000001  IE2                           
00000002  IFG1                          
00000003  IFG2                          
00000010  P3REN                         
00000018  P3IN                          
00000019  P3OUT                         
0000001a  P3DIR                         
0000001b  P3SEL                         
00000020  P1IN                          
00000021  P1OUT                         
00000022  P1DIR                         
00000023  P1IFG                         
00000024  P1IES                         
00000025  P1IE                          
00000026  P1SEL                         
00000027  P1REN                         
00000028  P2IN                          
00000029  P2OUT                         
0000002a  P2DIR                         
0000002b  P2IFG                         
0000002c  P2IES                         
0000002d  P2IE                          
0000002e  P2SEL                         
0000002f  P2REN                         
00000041  P1SEL2                        
00000042  P2SEL2                        
00000043  P3SEL2                        
00000048  ADC10DTC0                     
00000049  ADC10DTC1                     
0000004a  ADC10AE0                      
00000050  __STACK_SIZE                  
00000053  BCSCTL3                       
00000056  DCOCTL                        
00000057  BCSCTL1                       
00000058  BCSCTL2                       
00000059  CACTL1                        
0000005a  CACTL2                        
0000005b  CAPD                          
0000005d  UCA0ABCTL                     
0000005e  UCA0IRTCTL                    
0000005f  UCA0IRRCTL                    
00000060  UCA0CTL0                      
00000061  UCA0CTL1                      
00000062  UCA0BR0                       
00000063  UCA0BR1                       
00000064  UCA0MCTL                      
00000065  UCA0STAT                      
00000066  UCA0RXBUF                     
00000067  UCA0TXBUF                     
00000068  UCB0CTL0                      
00000069  UCB0CTL1                      
0000006a  UCB0BR0                       
0000006b  UCB0BR1                       
0000006c  UCB0I2CIE                     
0000006d  UCB0STAT                      
0000006e  UCB0RXBUF                     
0000006f  UCB0TXBUF                     
00000118  UCB0I2COA                     
0000011a  UCB0I2CSA                     
0000011e  TA1IV                         
00000120  WDTCTL                        
00000128  FCTL1                         
0000012a  FCTL2                         
0000012c  FCTL3                         
0000012e  TA0IV                         
00000160  TA0CTL                        
00000162  TA0CCTL0                      
00000164  TA0CCTL1                      
00000166  TA0CCTL2                      
00000170  TA0R                          
00000172  TA0CCR0                       
00000174  TA0CCR1                       
00000176  TA0CCR2                       
00000180  TA1CTL                        
00000182  TA1CCTL0                      
00000184  TA1CCTL1                      
00000186  TA1CCTL2                      
00000190  TA1R                          
00000192  TA1CCR0                       
00000194  TA1CCR1                       
00000196  TA1CCR2                       
000001b0  ADC10CTL0                     
000001b2  ADC10CTL1                     
000001b4  ADC10MEM                      
000001bc  ADC10SA                       
00000200  buf                           
00000220  addr                          
00000226  user                          
00000228  rf_addr_width                 
00000229  rf_channel                    
0000022a  rf_crc                        
0000022b  rf_feature                    
0000022c  rf_irq                        
0000022d  rf_speed_power                
0000022e  rf_status                     
000003b0  _stack                        
00000400  __STACK_END                   
000010c0  TLV_CHECKSUM                  
000010da  TLV_ADC10_1_TAG               
000010db  TLV_ADC10_1_LEN               
000010f6  TLV_DCO_30_TAG                
000010f7  TLV_DCO_30_LEN                
000010f8  CALDCO_16MHZ                  
000010f9  CALBC1_16MHZ                  
000010fa  CALDCO_12MHZ                  
000010fb  CALBC1_12MHZ                  
000010fc  CALDCO_8MHZ                   
000010fd  CALBC1_8MHZ                   
000010fe  CALDCO_1MHZ                   
000010ff  CALBC1_1MHZ                   
0000c38c  main                          
0000c45a  msprf24_init                  
0000c4ee  r_rx_payload                  
0000c562  configure_rx                  
0000c5cc  msprf24_set_pipe_packetsize   
0000c636  msprf24_set_retransmit_delay  
0000c698  w_tx_payload                  
0000c6fa  msprf24_current_state         
0000c754  msprf24_open_pipe             
0000c7ae  configure_tx                  
0000c806  w_rx_addr                     
0000c8b0  msprf24_irq_clear             
0000c948  __TI_auto_init_nobinit_nopinit
0000ca08  w_tx_addr                     
0000ca40  AES_128_ECB_decrypt           
0000ca76  spi_transfer16                
0000caac  msprf24_get_irq_reason        
0000cada  msprf24_set_speed_power       
0000cb08  msprf24_standby               
0000cb36  __mspabi_srai                 
0000cb42  __mspabi_srai_15              
0000cb44  __mspabi_srai_14              
0000cb46  __mspabi_srai_13              
0000cb48  __mspabi_srai_12              
0000cb4a  __mspabi_srai_11              
0000cb4c  __mspabi_srai_10              
0000cb4e  __mspabi_srai_9               
0000cb50  __mspabi_srai_8               
0000cb52  __mspabi_srai_7               
0000cb54  __mspabi_srai_6               
0000cb56  __mspabi_srai_5               
0000cb58  __mspabi_srai_4               
0000cb5a  __mspabi_srai_3               
0000cb5c  __mspabi_srai_2               
0000cb5e  __mspabi_srai_1               
0000cb62  __mspabi_slli                 
0000cb6e  __mspabi_slli_15              
0000cb70  __mspabi_slli_14              
0000cb72  __mspabi_slli_13              
0000cb74  __mspabi_slli_12              
0000cb76  __mspabi_slli_11              
0000cb78  __mspabi_slli_10              
0000cb7a  __mspabi_slli_9               
0000cb7c  __mspabi_slli_8               
0000cb7e  __mspabi_slli_7               
0000cb80  __mspabi_slli_6               
0000cb82  __mspabi_slli_5               
0000cb84  __mspabi_slli_4               
0000cb86  __mspabi_slli_3               
0000cb88  __mspabi_slli_2               
0000cb8a  __mspabi_slli_1               
0000cb8e  msprf24_set_config            
0000cbb8  msprf24_rx_pending            
0000cbde  r_reg                         
0000cc04  spi_init                      
0000cc2a  w_reg                         
0000cc50  msprf24_set_address_width     
0000cc74  msprf24_activate_rx           
0000cc96  msprf24_enable_feature        
0000ccb8  msprf24_set_retransmit_count  
0000ccda  msprf24_set_channel           
0000ccf8  _c_int00_noargs               
0000cd14  msprf24_close_pipe_all        
0000cd30  msprf24_is_alive              
0000cd66  P2_IRQ                        
0000cd7e  msprf24_powerdown             
0000cd96  pulse_ce                      
0000cdae  flush_rx                      
0000cdc4  flush_tx                      
0000cdda  msprf24_activate_tx           
0000cdf0  __mspabi_divu                 
0000cdf0  __mspabi_remu                 
0000ce06  __TI_zero_init_nomemset       
0000ce1a  Clock_init                    
0000ce2c  memcpy                        
0000ce3e  __mspabi_func_epilog_7        
0000ce40  __mspabi_func_epilog_6        
0000ce42  __mspabi_func_epilog_5        
0000ce44  __mspabi_func_epilog_4        
0000ce46  __mspabi_func_epilog_3        
0000ce48  __mspabi_func_epilog_2        
0000ce4a  __mspabi_func_epilog_1        
0000ce4e  spi_transfer                  
0000ce5e  AES_ECB_decrypt               
0000ce6a  LED_init                      
0000ce74  msprf24_queue_state           
0000ce7e  __TI_ISR_TRAP                 
0000ce86  AES_init_ctx                  
0000ce8c  LED_Off                       
0000ce92  LED_On                        
0000ce98  C$$EXIT                       
0000ce98  abort                         
0000ce9e  _system_pre_init              
0000cea2  _system_post_cinit            
0000d0c4  __TI_Handler_Table_Base       
0000d0c6  __TI_CINIT_Base               
0000d0c6  __TI_Handler_Table_Limit      
0000d0ca  __TI_CINIT_Limit              
0000d0ca  __TI_CINIT_Warm               
0000ffe0  __TI_int00                    
0000ffe4  __TI_int02                    
0000ffe6  __TI_int03                    
0000ffea  __TI_int05                    
0000ffec  __TI_int06                    
0000ffee  __TI_int07                    
0000fff0  __TI_int08                    
0000fff2  __TI_int09                    
0000fff4  __TI_int10                    
0000fff6  __TI_int11                    
0000fff8  __TI_int12                    
0000fffa  __TI_int13                    
0000fffc  __TI_int14                    
0000fffe  _reset_vector                 
ffffffff  __TI_pprof_out_hndl           
ffffffff  __TI_prof_data_size           
ffffffff  __TI_prof_data_start          
ffffffff  __c_args__                    

[228 symbols]
